<html>
<body>
<pre>
<h1>µVision Build Log</h1>
<h2>Tool Versions:</h2>
IDE-Version: ¦ÌVision V5.24.2.0
Copyright (C) 2017 ARM Ltd and ARM Germany GmbH. All rights reserved.
License Information: Yule xiaozhaoggi, a, LIC=6XJFW-QU3R1-BVH1G-VLY51-4NU0N-WGAAM
 
Tool Versions:
Toolchain:       MDK-ARM Professional  Version: 5.24.1
Toolchain Path:  C:\Keil_v5\ARM\ARMCC\Bin
C Compiler:      Armcc.exe V5.06 update 5 (build 528)
Assembler:       Armasm.exe V5.06 update 5 (build 528)
Linker/Locator:  ArmLink.exe V5.06 update 5 (build 528)
Library Manager: ArmAr.exe V5.06 update 5 (build 528)
Hex Converter:   FromElf.exe V5.06 update 5 (build 528)
CPU DLL:         SARMCM3.DLL V5.24.1
Dialog DLL:      DCM.DLL V1.16.0.0
Target DLL:      STLink\ST-LINKIII-KEIL_SWO.dll V3.0.1.0
Dialog DLL:      TCM.DLL V1.32.0.0
 
<h2>Project:</h2>
D:\1\Project\xianyu\stm32 nbiot\code\STM32\USER\nb.uvprojx
Project File Date:  04/07/2021

<h2>Output:</h2>
*** Using Compiler 'V5.06 update 5 (build 528)', folder: 'C:\Keil_v5\ARM\ARMCC\Bin'
Build target 'BC35'
compiling main.c...
main.c(29): warning:  #167-D: argument of type "char *" is incompatible with parameter of type "u8 *"
      Gui_DrawFont_GBK16(16,32,
IOLET,
LACK,buff);        
main.c(64): warning:  #167-D: argument of type "char *" is incompatible with parameter of type "unsigned char *"
      LCD_P6x8Str(0, yOffset, 
LUE,
HITE,buff);
main.c(69): warning:  #167-D: argument of type "u8 *" is incompatible with parameter of type "const char *"
      if(strlen(nb.gOperator)>0)
main.c(75): warning:  #225-D: the format string ends before this argument
          sprintf(buff, "operator:search ...", nb.gOperator);
main.c(77): warning:  #167-D: argument of type "char *" is incompatible with parameter of type "unsigned char *"
      LCD_P6x8Str(0, yOffset, 
LUE,
HITE,buff);
main.c(89): warning:  #167-D: argument of type "char *" is incompatible with parameter of type "unsigned char *"
      LCD_P6x8Str(0, yOffset, 
LUE,
HITE,buff);
main.c(94): warning:  #167-D: argument of type "char *" is incompatible with parameter of type "unsigned char *"
      LCD_P6x8Str(0, yOffset, 
LUE,
HITE,buff);
main.c(104): warning:  #167-D: argument of type "char *" is incompatible with parameter of type "unsigned char *"
      LCD_P6x8Str(0, yOffset, 
LUE,
HITE,buff);
main.c(114): warning:  #167-D: argument of type "char *" is incompatible with parameter of type "unsigned char *"
      LCD_P6x8Str(0, yOffset, 
LUE,
HITE,buff);
main.c(118): warning:  #167-D: argument of type "char *" is incompatible with parameter of type "unsigned char *"
      LCD_P6x8Str(0, yOffset, 
LUE,
HITE,buff);    
main.c(130): warning:  #223-D: function "Adc_Init" declared implicitly
  	  Adc_Init();
main.c(188): warning:  #223-D: function "Get_Adc_Average" declared implicitly
  								adcx=Get_Adc_Average(ADC_Channel_1,10);
main.c(139): warning:  #177-D: variable "buff"  was declared but never referenced
      char buff[100]={0};
main.c: 13 warnings, 0 errors
linking...
Program Size: Code=29972 RO-data=8684 RW-data=80 ZI-data=12888  
FromELF: creating hex file...
"..\OBJ\nb.axf" - 0 Error(s), 13 Warning(s).

<h2>Software Packages used:</h2>

Package Vendor: Keil
                http://www.keil.com/pack/Keil.STM32F1xx_DFP.2.2.0.pack
                Keil.STM32F1xx_DFP.2.2.0
                STMicroelectronics STM32F1 Series Device Support, Drivers and Examples

<h2>Collection of Component include folders:</h2>
  .\RTE\_BC35
  C:\Keil_v5\ARM\PACK\Keil\STM32F1xx_DFP\2.2.0\Device\Include

<h2>Collection of Component Files used:</h2>
Build Time Elapsed:  00:00:01
</pre>
</body>
</html>
