Component: ARM Compiler 5.06 update 5 (build 528) Tool: armlink [4d35e2]

==============================================================================

Section Cross References

    main.o(.text) refers to _printf_percent.o(.ARM.Collect$$_printf_percent$$00000000) for _printf_percent
    main.o(.text) refers to _printf_d.o(.ARM.Collect$$_printf_percent$$00000009) for _printf_d
    main.o(.text) refers to _printf_dec.o(.text) for _printf_int_dec
    main.o(.text) refers to _printf_s.o(.ARM.Collect$$_printf_percent$$00000014) for _printf_s
    main.o(.text) refers to _printf_str.o(.text) for _printf_str
    main.o(.text) refers to _printf_c.o(.ARM.Collect$$_printf_percent$$00000013) for _printf_c
    main.o(.text) refers to rt_memclr_w.o(.text) for __aeabi_memclr4
    main.o(.text) refers to __2sprintf.o(.text) for __2sprintf
    main.o(.text) refers to gui.o(.text) for Gui_DrawFont_GBK16
    main.o(.text) refers to strlen.o(.text) for strlen
    main.o(.text) refers to delay.o(.text) for delay_init
    main.o(.text) refers to misc.o(.text) for NVIC_PriorityGroupConfig
    main.o(.text) refers to led.o(.text) for LED_Init
    main.o(.text) refers to lcd_driver.o(.text) for Lcd_Init
    main.o(.text) refers to sr501.o(.text) for SR501_CONFIG
    main.o(.text) refers to mq2.o(.text) for Adc_Init
    main.o(.text) refers to usart.o(.text) for uart1_init
    main.o(.text) refers to usart3.o(.text) for uart3_init
    main.o(.text) refers to nb.o(.text) for NB_init
    main.o(.text) refers to onenet.o(.text) for OneNet_DevLink
    main.o(.text) refers to sim800c.o(.text) for sim800c_send_message
    main.o(.text) refers to main.o(.data) for adcx
    main.o(.text) refers to nb.o(.bss) for nb
    system_stm32f10x.o(.text) refers to system_stm32f10x.o(.data) for SystemCoreClock
    led.o(.text) refers to stm32f10x_rcc.o(.text) for RCC_APB2PeriphClockCmd
    led.o(.text) refers to stm32f10x_gpio.o(.text) for GPIO_Init
    gui.o(.text) refers to lcd_driver.o(.text) for Gui_DrawPoint
    gui.o(.text) refers to gui.o(.constdata) for asc16
    lcd_driver.o(.text) refers to stm32f10x_rcc.o(.text) for RCC_APB2PeriphClockCmd
    lcd_driver.o(.text) refers to stm32f10x_gpio.o(.text) for GPIO_Init
    lcd_driver.o(.text) refers to delay.o(.text) for delay_ms
    nb.o(.text) refers to _printf_percent.o(.ARM.Collect$$_printf_percent$$00000000) for _printf_percent
    nb.o(.text) refers to _printf_d.o(.ARM.Collect$$_printf_percent$$00000009) for _printf_d
    nb.o(.text) refers to _printf_dec.o(.text) for _printf_int_dec
    nb.o(.text) refers to _printf_s.o(.ARM.Collect$$_printf_percent$$00000014) for _printf_s
    nb.o(.text) refers to _printf_str.o(.text) for _printf_str
    nb.o(.text) refers to rt_memclr_w.o(.text) for __aeabi_memclr4
    nb.o(.text) refers to c89vsprintf.o(.text) for __c89vsprintf
    nb.o(.text) refers to strlen.o(.text) for strlen
    nb.o(.text) refers to delay.o(.text) for delay_ms
    nb.o(.text) refers to rt_memclr.o(.text) for __aeabi_memclr
    nb.o(.text) refers to rt_memcpy_v6.o(.text) for __aeabi_memcpy
    nb.o(.text) refers to stm32f10x_rcc.o(.text) for RCC_APB2PeriphClockCmd
    nb.o(.text) refers to stm32f10x_gpio.o(.text) for GPIO_Init
    nb.o(.text) refers to usart3.o(.text) for USART3_send_buff
    nb.o(.text) refers to __2printf.o(.text) for __2printf
    nb.o(.text) refers to __2sprintf.o(.text) for __2sprintf
    nb.o(.text) refers to strstr.o(.text) for strstr
    nb.o(.text) refers to atoi.o(.text) for atoi
    nb.o(.text) refers to nb.o(.bss) for nb
    nb.o(.text) refers to nb.o(.data) for lastCH
    nb.o(.text) refers to rt_memcpy_w.o(.text) for __aeabi_memcpy4
    nb.o(.text) refers to onenet.o(.text) for NB_RxData
    mq2.o(.text) refers to stm32f10x_rcc.o(.text) for RCC_APB2PeriphClockCmd
    mq2.o(.text) refers to stm32f10x_gpio.o(.text) for GPIO_Init
    mq2.o(.text) refers to stm32f10x_adc.o(.text) for ADC_DeInit
    mq2.o(.text) refers to delay.o(.text) for delay_ms
    exti.o(.text) refers to stm32f10x_rcc.o(.text) for RCC_APB2PeriphClockCmd
    exti.o(.text) refers to sr501.o(.text) for SR501_CONFIG
    exti.o(.text) refers to stm32f10x_gpio.o(.text) for GPIO_EXTILineConfig
    exti.o(.text) refers to stm32f10x_exti.o(.text) for EXTI_Init
    exti.o(.text) refers to misc.o(.text) for NVIC_Init
    exti.o(.text) refers to delay.o(.text) for delay_ms
    exti.o(.text) refers to exti.o(.data) for redsence_flag
    sr501.o(.text) refers to stm32f10x_rcc.o(.text) for RCC_APB2PeriphClockCmd
    sr501.o(.text) refers to stm32f10x_gpio.o(.text) for GPIO_PinRemapConfig
    sim800c.o(.text) refers to usart.o(.text) for uart1_send_message
    sim800c.o(.text) refers to delay.o(.text) for delay_ms
    sim800c.o(.text) refers to sim800c.o(.data) for s1
    sim800c.o(.data) refers to sim800c.o(.conststring) for .conststring
    delay.o(.text) refers to misc.o(.text) for SysTick_CLKSourceConfig
    delay.o(.text) refers to system_stm32f10x.o(.data) for SystemCoreClock
[...]
    __initial_sp                             0x200032a8   Data           0  startup_stm32f10x_hd.o(STACK)

    Global Symbols

    Symbol Name                              Value     Ov Type        Size  Object(Section)

    BuildAttributes$$THM_ISAv4$P$D$K$B$S$PE$A:L22UL41UL21$X:L11$S22US41US21$IEEE1$IW$USESV6$~STKCKD$USESV7$~SHL$OTIME$ROPI$IEEEJ$EBA8$UX$STANDARDLIB$REQ8$PRES8$EABIv2 0x00000000   Number         0  anon$$obj.o ABSOLUTE
    __ARM_use_no_argv                        0x00000000   Number         0  main.o ABSOLUTE
    _printf_flags                            0x00000000   Number         0  printf_stubs.o ABSOLUTE
    _printf_return_value                     0x00000000   Number         0  printf_stubs.o ABSOLUTE
    _printf_sizespec                         0x00000000   Number         0  printf_stubs.o ABSOLUTE
    _printf_widthprec                        0x00000000   Number         0  printf_stubs.o ABSOLUTE
    __ARM_exceptions_init                     - Undefined Weak Reference
    __alloca_initialize                       - Undefined Weak Reference
    __arm_preinit_                            - Undefined Weak Reference
    __cpp_initialize__aeabi_                  - Undefined Weak Reference
    __cxa_finalize                            - Undefined Weak Reference
    __sigvec_lookup                           - Undefined Weak Reference
    __user_heap_extent                        - Undefined Weak Reference
    _atexit_init                              - Undefined Weak Reference
    _call_atexit_fns                          - Undefined Weak Reference
    _clock_init                               - Undefined Weak Reference
    _fp_trap_init                             - Undefined Weak Reference
    _fp_trap_shutdown                         - Undefined Weak Reference
    _get_lc_collate                           - Undefined Weak Reference
    _get_lc_monetary                          - Undefined Weak Reference
    _get_lc_time                              - Undefined Weak Reference
    _getenv_init                              - Undefined Weak Reference
    _handle_redirection                       - Undefined Weak Reference
    _initio                                   - Undefined Weak Reference
    _mutex_acquire                            - Undefined Weak Reference
    _mutex_free                               - Undefined Weak Reference
    _mutex_release                            - Undefined Weak Reference
    _printf_fp_hex                            - Undefined Weak Reference
    _printf_mbtowc                            - Undefined Weak Reference
    _printf_wc                                - Undefined Weak Reference
    _rand_init                                - Undefined Weak Reference
    _signal_finish                            - Undefined Weak Reference
    _signal_init                              - Undefined Weak Reference
    _terminateio                              - Undefined Weak Reference
    __Vectors_Size                           0x00000130   Number         0  startup_stm32f10x_hd.o ABSOLUTE
    __Vectors                                0x08000000   Data           4  startup_stm32f10x_hd.o(RESET)
    __Vectors_End                            0x08000130   Data           0  startup_stm32f10x_hd.o(RESET)
    __main                                   0x08000131   Thumb Code     8  __main.o(!!!main)
    __scatterload                            0x08000139   Thumb Code     0  __scatter.o(!!!scatter)
    __scatterload_rt2                        0x08000139   Thumb Code    44  __scatter.o(!!!scatter)
    __scatterload_rt2_thumb_only             0x08000139   Thumb Code     0  __scatter.o(!!!scatter)
    __scatterload_null                       0x08000147   Thumb Code     0  __scatter.o(!!!scatter)
    __scatterload_copy                       0x0800016d   Thumb Code    26  __scatter_copy.o(!!handler_copy)
    __scatterload_zeroinit                   0x08000189   Thumb Code    28  __scatter_zi.o(!!handler_zi)
    _printf_n                                0x080001a5   Thumb Code     0  _printf_n.o(.ARM.Collect$$_printf_percent$$00000001)
    _printf_percent                          0x080001a5   Thumb Code     0  _printf_percent.o(.ARM.Collect$$_printf_percent$$00000000)
    _printf_p                                0x080001ab   Thumb Code     0  _printf_p.o(.ARM.Collect$$_printf_percent$$00000002)
    _printf_f                                0x080001b1   Thumb Code     0  _printf_f.o(.ARM.Collect$$_printf_percent$$00000003)
    _printf_e                                0x080001b7   Thumb Code     0  _printf_e.o(.ARM.Collect$$_printf_percent$$00000004)
    _printf_g                                0x080001bd   Thumb Code     0  _printf_g.o(.ARM.Collect$$_printf_percent$$00000005)
    _printf_a                                0x080001c3   Thumb Code     0  _printf_a.o(.ARM.Collect$$_printf_percent$$00000006)
    _printf_ll                               0x080001c9   Thumb Code     0  _printf_ll.o(.ARM.Collect$$_printf_percent$$00000007)
    _printf_i                                0x080001d3   Thumb Code     0  _printf_i.o(.ARM.Collect$$_printf_percent$$00000008)
    _printf_d                                0x080001d9   Thumb Code     0  _printf_d.o(.ARM.Collect$$_printf_percent$$00000009)
    _printf_u                                0x080001df   Thumb Code     0  _printf_u.o(.ARM.Collect$$_printf_percent$$0000000A)
    _printf_o                                0x080001e5   Thumb Code     0  _printf_o.o(.ARM.Collect$$_printf_percent$$0000000B)
    _printf_x                                0x080001eb   Thumb Code     0  _printf_x.o(.ARM.Collect$$_printf_percent$$0000000C)
    _printf_lli                              0x080001f1   Thumb Code     0  _printf_lli.o(.ARM.Collect$$_printf_percent$$0000000D)
    _printf_lld                              0x080001f7   Thumb Code     0  _printf_lld.o(.ARM.Collect$$_printf_percent$$0000000E)
    _printf_llu                              0x080001fd   Thumb Code     0  _printf_llu.o(.ARM.Collect$$_printf_percent$$0000000F)
    _printf_llo                              0x08000203   Thumb Code     0  _printf_llo.o(.ARM.Collect$$_printf_percent$$00000010)
    _printf_llx                              0x08000209   Thumb Code     0  _printf_llx.o(.ARM.Collect$$_printf_percent$$00000011)
    _printf_l                                0x0800020f   Thumb Code     0  _printf_l.o(.ARM.Collect$$_printf_percent$$00000012)
    _printf_c                                0x08000219   Thumb Code     0  _printf_c.o(.ARM.Collect$$_printf_percent$$00000013)
    _printf_s                                0x0800021f   Thumb Code     0  _printf_s.o(.ARM.Collect$$_printf_percent$$00000014)
    _printf_lc                               0x08000225   Thumb Code     0  _printf_lc.o(.ARM.Collect$$_printf_percent$$00000015)
    _printf_ls                               0x0800022b   Thumb Code     0  _printf_ls.o(.ARM.Collect$$_printf_percent$$00000016)
    _printf_percent_end                      0x08000231   Thumb Code     0  _printf_percent_end.o(.ARM.Collect$$_printf_percent$$00000017)
    __rt_lib_init                            0x08000235   Thumb Code     0  libinit.o(.ARM.Collect$$libinit$$00000000)
    __rt_lib_init_fp_1                       0x08000237   Thumb Code     0  libinit2.o(.ARM.Collect$$libinit$$00000002)
    __rt_lib_init_heap_2                     0x08000237   Thumb Code     0  libinit2.o(.ARM.Collect$$libinit$$00000005)
    __rt_lib_init_preinit_1                  0x08000237   Thumb Code     0  libinit2.o(.ARM.Collect$$libinit$$00000004)
    __rt_lib_init_heap_1                     0x0800023f   Thumb Code     0  libinit2.o(.ARM.Collect$$libinit$$0000000A)
    __rt_lib_init_lc_common                  0x0800023f   Thumb Code     0  libinit2.o(.ARM.Collect$$libinit$$0000000F)
    __rt_lib_init_rand_1                     0x0800023f   Thumb Code     0  libinit2.o(.ARM.Collect$$libinit$$0000000E)
    __rt_lib_init_user_alloc_1               0x0800023f   Thumb Code     0  libinit2.o(.ARM.Collect$$libinit$$0000000C)
    __rt_lib_init_lc_collate_1               0x08000245   Thumb Code     0  libinit2.o(.ARM.Collect$$libinit$$00000011)
    __rt_lib_init_lc_ctype_2                 0x08000245   Thumb Code     0  libinit2.o(.ARM.Collect$$libinit$$00000012)
    __rt_lib_init_lc_ctype_1                 0x08000251   Thumb Code     0  libinit2.o(.ARM.Collect$$libinit$$00000013)
    __rt_lib_init_lc_monetary_1              0x08000251   Thumb Code     0  libinit2.o(.ARM.Collect$$libinit$$00000015)
    __rt_lib_init_lc_numeric_2               0x08000251   Thumb Code     0  libinit2.o(.ARM.Collect$$libinit$$00000016)
    __rt_lib_init_alloca_1                   0x0800025b   Thumb Code     0  libinit2.o(.ARM.Collect$$libinit$$0000002E)
    __rt_lib_init_argv_1                     0x0800025b   Thumb Code     0  libinit2.o(.ARM.Collect$$libinit$$0000002C)
    __rt_lib_init_atexit_1                   0x0800025b   Thumb Code     0  libinit2.o(.ARM.Collect$$libinit$$0000001B)
    __rt_lib_init_clock_1                    0x0800025b   Thumb Code     0  libinit2.o(.ARM.Collect$$libinit$$00000021)
    __rt_lib_init_cpp_1                      0x0800025b   Thumb Code     0  libinit2.o(.ARM.Collect$$libinit$$00000032)
    __rt_lib_init_exceptions_1               0x0800025b   Thumb Code     0  libinit2.o(.ARM.Collect$$libinit$$00000030)
    __rt_lib_init_fp_trap_1                  0x0800025b   Thumb Code     0  libinit2.o(.ARM.Collect$$libinit$$0000001F)
    __rt_lib_init_getenv_1                   0x0800025b   Thumb Code     0  libinit2.o(.ARM.Collect$$libinit$$00000023)
    __rt_lib_init_lc_numeric_1               0x0800025b   Thumb Code     0  libinit2.o(.ARM.Collect$$libinit$$00000017)
    __rt_lib_init_lc_time_1                  0x0800025b   Thumb Code     0  libinit2.o(.ARM.Collect$$libinit$$00000019)
    __rt_lib_init_return                     0x0800025b   Thumb Code     0  libinit2.o(.ARM.Collect$$libinit$$00000033)
    __rt_lib_init_signal_1                   0x0800025b   Thumb Code     0  libinit2.o(.ARM.Collect$$libinit$$0000001D)
    __rt_lib_init_stdio_1                    0x0800025b   Thumb Code     0  libinit2.o(.ARM.Collect$$libinit$$00000025)
    __rt_lib_shutdown                        0x0800025d   Thumb Code     0  libshutdown.o(.ARM.Collect$$libshutdown$$00000000)
    __rt_lib_shutdown_cpp_1                  0x0800025f   Thumb Code     0  libshutdown2.o(.ARM.Collect$$libshutdown$$00000002)
    __rt_lib_shutdown_fp_trap_1              0x0800025f   Thumb Code     0  libshutdown2.o(.ARM.Collect$$libshutdown$$00000007)
    __rt_lib_shutdown_heap_1                 0x0800025f   Thumb Code     0  libshutdown2.o(.ARM.Collect$$libshutdown$$0000000F)
    __rt_lib_shutdown_return                 0x0800025f   Thumb Code     0  libshutdown2.o(.ARM.Collect$$libshutdown$$00000010)
    __rt_lib_shutdown_signal_1               0x0800025f   Thumb Code     0  libshutdown2.o(.ARM.Collect$$libshutdown$$0000000A)
    __rt_lib_shutdown_stdio_1                0x0800025f   Thumb Code     0  libshutdown2.o(.ARM.Collect$$libshutdown$$00000004)
    __rt_lib_shutdown_user_alloc_1           0x0800025f   Thumb Code     0  libshutdown2.o(.ARM.Collect$$libshutdown$$0000000C)
    __rt_entry                               0x08000261   Thumb Code     0  __rtentry.o(.ARM.Collect$$rtentry$$00000000)
    __rt_entry_presh_1                       0x08000261   Thumb Code     0  __rtentry2.o(.ARM.Collect$$rtentry$$00000002)
    __rt_entry_sh                            0x08000261   Thumb Code     0  __rtentry4.o(.ARM.Collect$$rtentry$$00000004)
    __rt_entry_li                            0x08000267   Thumb Code     0  __rtentry2.o(.ARM.Collect$$rtentry$$0000000A)
    __rt_entry_postsh_1                      0x08000267   Thumb Code     0  __rtentry2.o(.ARM.Collect$$rtentry$$00000009)
    __rt_entry_main                          0x0800026b   Thumb Code     0  __rtentry2.o(.ARM.Collect$$rtentry$$0000000D)
    __rt_entry_postli_1                      0x0800026b   Thumb Code     0  __rtentry2.o(.ARM.Collect$$rtentry$$0000000C)
    __rt_exit                                0x08000273   Thumb Code     0  rtexit.o(.ARM.Collect$$rtexit$$00000000)
    __rt_exit_ls                             0x08000275   Thumb Code     0  rtexit2.o(.ARM.Collect$$rtexit$$00000003)
    __rt_exit_prels_1                        0x08000275   Thumb Code     0  rtexit2.o(.ARM.Collect$$rtexit$$00000002)
    __rt_exit_exit                           0x08000279   Thumb Code     0  rtexit2.o(.ARM.Collect$$rtexit$$00000004)
    _maybe_terminate_alloc                   0x08000281   Thumb Code     0  maybetermalloc1.o(.emb_text)
    dispmq2                                  0x08000281   Thumb Code    46  main.o(.text)
    display                                  0x080002af   Thumb Code   350  main.o(.text)
    STM32_Init                               0x0800040d   Thumb Code    48  main.o(.text)
    main                                     0x0800043d   Thumb Code   382  main.o(.text)
    NMI_Handler                              0x080006e5   Thumb Code     2  stm32f10x_it.o(.text)
    HardFault_Handler                        0x080006e7   Thumb Code     4  stm32f10x_it.o(.text)
    MemManage_Handler                        0x080006eb   Thumb Code     4  stm32f10x_it.o(.text)
    BusFault_Handler                         0x080006ef   Thumb Code     4  stm32f10x_it.o(.text)
    UsageFault_Handler                       0x080006f3   Thumb Code     4  stm32f10x_it.o(.text)
    SVC_Handler                              0x080006f7   Thumb Code     2  stm32f10x_it.o(.text)
    DebugMon_Handler                         0x080006f9   Thumb Code     2  stm32f10x_it.o(.text)
    PendSV_Handler                           0x080006fb   Thumb Code     2  stm32f10x_it.o(.text)
    SysTick_Handler                          0x080006fd   Thumb Code     2  stm32f10x_it.o(.text)
    SystemInit                               0x080007df   Thumb Code    78  system_stm32f10x.o(.text)
    SystemCoreClockUpdate                    0x0800082d   Thumb Code   142  system_stm32f10x.o(.text)
    LED_Init                                 0x080008e1   Thumb Code   122  led.o(.text)
    led1On                                   0x0800095b   Thumb Code    20  led.o(.text)
    led2On                                   0x0800096f   Thumb Code    20  led.o(.text)
    led3On                                   0x08000983   Thumb Code    20  led.o(.text)
    LCD_BGR2RGB                              0x080009b1   Thumb Code    26  gui.o(.text)
    Gui_Circle                               0x080009cb   Thumb Code   300  gui.o(.text)
    Gui_DrawLine                             0x08000af7   Thumb Code   186  gui.o(.text)
    Gui_box                                  0x08000bb1   Thumb Code   188  gui.o(.text)
    Gui_box2                                 0x08000c6d   Thumb Code   386  gui.o(.text)
    DisplayButtonDown                        0x08000def   Thumb Code   130  gui.o(.text)
    DisplayButtonUp                          0x08000e71   Thumb Code   130  gui.o(.text)
    Gui_DrawFont_GBK16                       0x08000ef3   Thumb Code   394  gui.o(.text)
    Gui_DrawFont_GBK24                       0x0800107d   Thumb Code   486  gui.o(.text)
    Gui_DrawFont_Num32                       0x08001263   Thumb Code   124  gui.o(.text)
    LCD_P6x8Str                              0x080012df   Thumb Code   160  gui.o(.text)
    LCD_DrawFont_GBK16_line                  0x0800137f   Thumb Code    48  gui.o(.text)
    LCD_DrawFont_GBK16_updata                0x080013af   Thumb Code    40  gui.o(.text)
    LCD_P6x8Str_line                         0x080013d7   Thumb Code    48  gui.o(.text)
    LCD_P6x8Str_updata                       0x08001407   Thumb Code    40  gui.o(.text)
    LCD_GPIO_Init                            0x08001431   Thumb Code    66  lcd_driver.o(.text)
    SPI_WriteData                            0x08001473   Thumb Code    62  lcd_driver.o(.text)
    Lcd_WriteIndex                           0x080014b1   Thumb Code    18  lcd_driver.o(.text)
    Lcd_WriteData                            0x080014c3   Thumb Code    18  lcd_driver.o(.text)
    LCD_WriteData_16Bit                      0x080014d5   Thumb Code    24  lcd_driver.o(.text)
    Lcd_WriteReg                             0x080014ed   Thumb Code    20  lcd_driver.o(.text)
    Lcd_Reset                                0x08001501   Thumb Code    36  lcd_driver.o(.text)
    Lcd_Updata                               0x08001525   Thumb Code     2  lcd_driver.o(.text)
    Lcd_SetRegion                            0x08001527   Thumb Code    86  lcd_driver.o(.text)
    Lcd_Clear                                0x0800157d   Thumb Code    50  lcd_driver.o(.text)
    Lcd_Blk                                  0x080015af   Thumb Code    20  lcd_driver.o(.text)
    Lcd_Init                                 0x080015c3   Thumb Code   564  lcd_driver.o(.text)
    Lcd_SetXY                                0x080017f7   Thumb Code    20  lcd_driver.o(.text)
    Gui_DrawPoint                            0x0800180b   Thumb Code    54  lcd_driver.o(.text)
    Lcd_ReadPoint                            0x08001841   Thumb Code    24  lcd_driver.o(.text)
    Lcd_ClearRect                            0x08001859   Thumb Code    68  lcd_driver.o(.text)
    NB_Printf                                0x0800189d   Thumb Code    56  nb.o(.text)
    NB_ms                                    0x080018d5   Thumb Code    12  nb.o(.text)
    changeLine                               0x080018e1   Thumb Code    82  nb.o(.text)
    AddUartChar                              0x08001933   Thumb Code   110  nb.o(.text)
    NB_GetLine                               0x080019a1   Thumb Code   280  nb.o(.text)
    NB_InsertSocketAndLen                    0x08001ab9   Thumb Code    38  nb.o(.text)
    NB_GetRxSocketAndLen                     0x08001adf   Thumb Code   116  nb.o(.text)
    NB_powerOn                               0x08001b53   Thumb Code    74  nb.o(.text)
    writeAtPrintf                            0x08001b9d   Thumb Code    64  nb.o(.text)
    writeAtCmd                               0x08001bdd   Thumb Code    38  nb.o(.text)
    NB_CloseSocket                           0x08001c03   Thumb Code    74  nb.o(.text)
    NB_parseSocketClose                      0x08001c4d   Thumb Code    88  nb.o(.text)
    NB_parseReceiveCommand                   0x08001ca5   Thumb Code   314  nb.o(.text)
    NB_parseCheckAttach                      0x08001ddf   Thumb Code    68  nb.o(.text)
    NB_parseGetLocalIp                       0x08001e23   Thumb Code   120  nb.o(.text)
    NB_parseNBand                            0x08001e9b   Thumb Code    68  nb.o(.text)
    NB_parseSignallingConnectionStatus       0x08001edf   Thumb Code    68  nb.o(.text)
    NB_parseRegistrationStatus               0x08001f23   Thumb Code    86  nb.o(.text)
    NB_parseImsi                             0x08001f79   Thumb Code    70  nb.o(.text)
    NB_parseImei                             0x08001fbf   Thumb Code    84  nb.o(.text)
    NB_parseCsq                              0x08002013   Thumb Code    68  nb.o(.text)
    NB_parseOperator                         0x08002057   Thumb Code   134  nb.o(.text)
    NB_parseDefaultMsg                       0x080020dd   Thumb Code   282  nb.o(.text)
    NB_SendAT                                0x080021f7   Thumb Code   140  nb.o(.text)
    NB_parseSn                               0x08002283   Thumb Code    58  nb.o(.text)
    NB_CheckCops                             0x080022bd   Thumb Code    48  nb.o(.text)
    NB_SetNetWork                            0x080022ed   Thumb Code    88  nb.o(.text)
    NB_CheckCSQ                              0x08002345   Thumb Code    12  nb.o(.text)
    NB_GetSn                                 0x08002351   Thumb Code   148  nb.o(.text)
    NB_GetImei                               0x080023e5   Thumb Code    48  nb.o(.text)
    NB_GetImsi                               0x08002415   Thumb Code    48  nb.o(.text)
    NB_GetNetworkRegistrationStatus          0x08002445   Thumb Code    12  nb.o(.text)
    NB_CheckAttach                           0x08002451   Thumb Code    46  nb.o(.text)
    NB_Attach                                0x0800247f   Thumb Code    60  nb.o(.text)
    NB_CreateSocket                          0x080024bb   Thumb Code   138  nb.o(.text)
    NB_CreateConnect                         0x08002545   Thumb Code   140  nb.o(.text)
    Reboot                                   0x080025d1   Thumb Code    12  nb.o(.text)
    NB_CycleCheck                            0x080025dd   Thumb Code    16  nb.o(.text)
    NumberToLetter                           0x080025ed   Thumb Code   400  nb.o(.text)
    AscllToHex                               0x0800277d   Thumb Code    98  nb.o(.text)
    LetterToNumber                           0x080027df   Thumb Code    48  nb.o(.text)
    HexToAscll                               0x0800280f   Thumb Code    80  nb.o(.text)
    NB_SendData                              0x0800285f   Thumb Code   212  nb.o(.text)
    NB_GetData                               0x08002933   Thumb Code   398  nb.o(.text)
    NB_close                                 0x08002ac1   Thumb Code     2  nb.o(.text)
    NB_init                                  0x08002ac3   Thumb Code   140  nb.o(.text)
    Adc_Init                                 0x08002c15   Thumb Code   132  mq2.o(.text)
    Get_Adc                                  0x08002c99   Thumb Code    46  mq2.o(.text)
    Get_Adc_Average                          0x08002cc7   Thumb Code    46  mq2.o(.text)
    EXTIX_Init                               0x08002cfd   Thumb Code    80  exti.o(.text)
    EXTI4_IRQHandler                         0x08002d4d   Thumb Code    22  exti.o(.text)
    SR501_CONFIG                             0x08002d69   Thumb Code    46  sr501.o(.text)
    sim800c_send_message                     0x08002da1   Thumb Code    98  sim800c.o(.text)
    delay_init                               0x08002e15   Thumb Code    50  delay.o(.text)
    delay_us                                 0x08002e47   Thumb Code    72  delay.o(.text)
    delay_ms                                 0x08002e8f   Thumb Code    72  delay.o(.text)
    _sys_exit                                0x08002ee9   Thumb Code     6  usart.o(.text)
    fputc                                    0x08002eef   Thumb Code    24  usart.o(.text)
    _ttywrch                                 0x08002f07   Thumb Code     6  usart.o(.text)
    uart1_init                               0x08002f0d   Thumb Code   152  usart.o(.text)
    USART1_IRQHandler                        0x08002fa5   Thumb Code    24  usart.o(.text)
    uart1_send_char                          0x08002fbd   Thumb Code    28  usart.o(.text)
    uart1_send_buff                          0x08002fd9   Thumb Code    24  usart.o(.text)
    uart1_send_message                       0x08002ff1   Thumb Code    22  usart.o(.text)
    uart2_init                               0x08003011   Thumb Code   154  usart2.o(.text)
    USART2_IRQHandler                        0x080030ab   Thumb Code    24  usart2.o(.text)
    USART2_send_char                         0x080030c3   Thumb Code    28  usart2.o(.text)
    USART2_send_buff                         0x080030df   Thumb Code    24  usart2.o(.text)
    uart2_485_init                           0x080030f7   Thumb Code    44  usart2.o(.text)
    Set485Mode                               0x08003123   Thumb Code    20  usart2.o(.text)
    uart3_init                               0x08003149   Thumb Code   158  usart3.o(.text)
    USART3_IRQHandler                        0x080031e7   Thumb Code    30  usart3.o(.text)
    USART3_send_char                         0x08003205   Thumb Code    28  usart3.o(.text)
    USART3_send_buff                         0x08003221   Thumb Code    24  usart3.o(.text)
    Reset_Handler                            0x08003241   Thumb Code     8  startup_stm32f10x_hd.o(.text)
    ADC1_2_IRQHandler                        0x0800325b   Thumb Code     0  startup_stm32f10x_hd.o(.text)
    ADC3_IRQHandler                          0x0800325b   Thumb Code     0  startup_stm32f10x_hd.o(.text)
    CAN1_RX1_IRQHandler                      0x0800325b   Thumb Code     0  startup_stm32f10x_hd.o(.text)
    CAN1_SCE_IRQHandler                      0x0800325b   Thumb Code     0  startup_stm32f10x_hd.o(.text)
    DMA1_Channel1_IRQHandler                 0x0800325b   Thumb Code     0  startup_stm32f10x_hd.o(.text)
    DMA1_Channel2_IRQHandler                 0x0800325b   Thumb Code     0  startup_stm32f10x_hd.o(.text)
    DMA1_Channel3_IRQHandler                 0x0800325b   Thumb Code     0  startup_stm32f10x_hd.o(.text)
    DMA1_Channel4_IRQHandler                 0x0800325b   Thumb Code     0  startup_stm32f10x_hd.o(.text)
    DMA1_Channel5_IRQHandler                 0x0800325b   Thumb Code     0  startup_stm32f10x_hd.o(.text)
    DMA1_Channel6_IRQHandler                 0x0800325b   Thumb Code     0  startup_stm32f10x_hd.o(.text)
    DMA1_Channel7_IRQHandler                 0x0800325b   Thumb Code     0  startup_stm32f10x_hd.o(.text)
    DMA2_Channel1_IRQHandler                 0x0800325b   Thumb Code     0  startup_stm32f10x_hd.o(.text)
    DMA2_Channel2_IRQHandler                 0x0800325b   Thumb Code     0  startup_stm32f10x_hd.o(.text)
    DMA2_Channel3_IRQHandler                 0x0800325b   Thumb Code     0  startup_stm32f10x_hd.o(.text)
    DMA2_Channel4_5_IRQHandler               0x0800325b   Thumb Code     0  startup_stm32f10x_hd.o(.text)
    EXTI0_IRQHandler                         0x0800325b   Thumb Code     0  startup_stm32f10x_hd.o(.text)
    EXTI15_10_IRQHandler                     0x0800325b   Thumb Code     0  startup_stm32f10x_hd.o(.text)
    EXTI1_IRQHandler                         0x0800325b   Thumb Code     0  startup_stm32f10x_hd.o(.text)
    EXTI2_IRQHandler                         0x0800325b   Thumb Code     0  startup_stm32f10x_hd.o(.text)
    EXTI3_IRQHandler                         0x0800325b   Thumb Code     0  startup_stm32f10x_hd.o(.text)
    EXTI9_5_IRQHandler                       0x0800325b   Thumb Code     0  startup_stm32f10x_hd.o(.text)
    FLASH_IRQHandler                         0x0800325b   Thumb Code     0  startup_stm32f10x_hd.o(.text)
    FSMC_IRQHandler                          0x0800325b   Thumb Code     0  startup_stm32f10x_hd.o(.text)
    I2C1_ER_IRQHandler                       0x0800325b   Thumb Code     0  startup_stm32f10x_hd.o(.text)
    I2C1_EV_IRQHandler                       0x0800325b   Thumb Code     0  startup_stm32f10x_hd.o(.text)
    I2C2_ER_IRQHandler                       0x0800325b   Thumb Code     0  startup_stm32f10x_hd.o(.text)
    I2C2_EV_IRQHandler                       0x0800325b   Thumb Code     0  startup_stm32f10x_hd.o(.text)
    PVD_IRQHandler                           0x0800325b   Thumb Code     0  startup_stm32f10x_hd.o(.text)
    RCC_IRQHandler                           0x0800325b   Thumb Code     0  startup_stm32f10x_hd.o(.text)
    RTCAlarm_IRQHandler                      0x0800325b   Thumb Code     0  startup_stm32f10x_hd.o(.text)
    RTC_IRQHandler                           0x0800325b   Thumb Code     0  startup_stm32f10x_hd.o(.text)
    SDIO_IRQHandler                          0x0800325b   Thumb Code     0  startup_stm32f10x_hd.o(.text)
    SPI1_IRQHandler                          0x0800325b   Thumb Code     0  startup_stm32f10x_hd.o(.text)
    SPI2_IRQHandler                          0x0800325b   Thumb Code     0  startup_stm32f10x_hd.o(.text)
    SPI3_IRQHandler                          0x0800325b   Thumb Code     0  startup_stm32f10x_hd.o(.text)
    TAMPER_IRQHandler                        0x0800325b   Thumb Code     0  startup_stm32f10x_hd.o(.text)
    TIM1_BRK_IRQHandler                      0x0800325b   Thumb Code     0  startup_stm32f10x_hd.o(.text)
    TIM1_CC_IRQHandler                       0x0800325b   Thumb Code     0  startup_stm32f10x_hd.o(.text)
    TIM1_TRG_COM_IRQHandler                  0x0800325b   Thumb Code     0  startup_stm32f10x_hd.o(.text)
    TIM1_UP_IRQHandler                       0x0800325b   Thumb Code     0  startup_stm32f10x_hd.o(.text)
    TIM2_IRQHandler                          0x0800325b   Thumb Code     0  startup_stm32f10x_hd.o(.text)
    TIM3_IRQHandler                          0x0800325b   Thumb Code     0  startup_stm32f10x_hd.o(.text)
    TIM4_IRQHandler                          0x0800325b   Thumb Code     0  startup_stm32f10x_hd.o(.text)
    TIM5_IRQHandler                          0x0800325b   Thumb Code     0  startup_stm32f10x_hd.o(.text)
    TIM6_IRQHandler                          0x0800325b   Thumb Code     0  startup_stm32f10x_hd.o(.text)
    TIM7_IRQHandler                          0x0800325b   Thumb Code     0  startup_stm32f10x_hd.o(.text)
    TIM8_BRK_IRQHandler                      0x0800325b   Thumb Code     0  startup_stm32f10x_hd.o(.text)
    TIM8_CC_IRQHandler                       0x0800325b   Thumb Code     0  startup_stm32f10x_hd.o(.text)
    TIM8_TRG_COM_IRQHandler                  0x0800325b   Thumb Code     0  startup_stm32f10x_hd.o(.text)
    TIM8_UP_IRQHandler                       0x0800325b   Thumb Code     0  startup_stm32f10x_hd.o(.text)
    UART4_IRQHandler                         0x0800325b   Thumb Code     0  startup_stm32f10x_hd.o(.text)
    UART5_IRQHandler                         0x0800325b   Thumb Code     0  startup_stm32f10x_hd.o(.text)
    USBWakeUp_IRQHandler                     0x0800325b   Thumb Code     0  startup_stm32f10x_hd.o(.text)
    USB_HP_CAN1_TX_IRQHandler                0x0800325b   Thumb Code     0  startup_stm32f10x_hd.o(.text)
    USB_LP_CAN1_RX0_IRQHandler               0x0800325b   Thumb Code     0  startup_stm32f10x_hd.o(.text)
    WWDG_IRQHandler                          0x0800325b   Thumb Code     0  startup_stm32f10x_hd.o(.text)
    __user_initial_stackheap                 0x0800325d   Thumb Code     0  startup_stm32f10x_hd.o(.text)
    NVIC_PriorityGroupConfig                 0x08003281   Thumb Code    10  misc.o(.text)
    NVIC_Init                                0x0800328b   Thumb Code   100  misc.o(.text)
    NVIC_SetVectorTable                      0x080032ef   Thumb Code    14  misc.o(.text)
    NVIC_SystemLPConfig                      0x080032fd   Thumb Code    34  misc.o(.text)
    SysTick_CLKSourceConfig                  0x0800331f   Thumb Code    40  misc.o(.text)
    GPIO_DeInit                              0x0800335d   Thumb Code   172  stm32f10x_gpio.o(.text)
    GPIO_AFIODeInit                          0x08003409   Thumb Code    20  stm32f10x_gpio.o(.text)
    GPIO_Init                                0x0800341d   Thumb Code   278  stm32f10x_gpio.o(.text)
    GPIO_StructInit                          0x08003533   Thumb Code    16  stm32f10x_gpio.o(.text)
    GPIO_ReadInputDataBit                    0x08003543   Thumb Code    18  stm32f10x_gpio.o(.text)
    GPIO_ReadInputData                       0x08003555   Thumb Code     8  stm32f10x_gpio.o(.text)
    GPIO_ReadOutputDataBit                   0x0800355d   Thumb Code    18  stm32f10x_gpio.o(.text)
    GPIO_ReadOutputData                      0x0800356f   Thumb Code     8  stm32f10x_gpio.o(.text)
    GPIO_SetBits                             0x08003577   Thumb Code     4  stm32f10x_gpio.o(.text)
    GPIO_ResetBits                           0x0800357b   Thumb Code     4  stm32f10x_gpio.o(.text)
    GPIO_WriteBit                            0x0800357f   Thumb Code    10  stm32f10x_gpio.o(.text)
    GPIO_Write                               0x08003589   Thumb Code     4  stm32f10x_gpio.o(.text)
    GPIO_PinLockConfig                       0x0800358d   Thumb Code    18  stm32f10x_gpio.o(.text)
    GPIO_EventOutputConfig                   0x0800359f   Thumb Code    26  stm32f10x_gpio.o(.text)
    GPIO_EventOutputCmd                      0x080035b9   Thumb Code     6  stm32f10x_gpio.o(.text)
    GPIO_PinRemapConfig                      0x080035bf   Thumb Code   138  stm32f10x_gpio.o(.text)
    GPIO_EXTILineConfig                      0x08003649   Thumb Code    66  stm32f10x_gpio.o(.text)
    GPIO_ETH_MediaInterfaceConfig            0x0800368b   Thumb Code     8  stm32f10x_gpio.o(.text)
    RCC_DeInit                               0x080036b9   Thumb Code    64  stm32f10x_rcc.o(.text)
    RCC_HSEConfig                            0x080036f9   Thumb Code    70  stm32f10x_rcc.o(.text)
    RCC_GetFlagStatus                        0x0800373f   Thumb Code    56  stm32f10x_rcc.o(.text)
    RCC_WaitForHSEStartUp                    0x08003777   Thumb Code    56  stm32f10x_rcc.o(.text)
    RCC_AdjustHSICalibrationValue            0x080037af   Thumb Code    20  stm32f10x_rcc.o(.text)
    RCC_HSICmd                               0x080037c3   Thumb Code     6  stm32f10x_rcc.o(.text)
    RCC_PLLConfig                            0x080037c9   Thumb Code    24  stm32f10x_rcc.o(.text)
    RCC_PLLCmd                               0x080037e1   Thumb Code     6  stm32f10x_rcc.o(.text)
    RCC_SYSCLKConfig                         0x080037e7   Thumb Code    18  stm32f10x_rcc.o(.text)
    RCC_GetSYSCLKSource                      0x080037f9   Thumb Code    10  stm32f10x_rcc.o(.text)
    RCC_HCLKConfig                           0x08003803   Thumb Code    18  stm32f10x_rcc.o(.text)
    RCC_PCLK1Config                          0x08003815   Thumb Code    18  stm32f10x_rcc.o(.text)
    RCC_PCLK2Config                          0x08003827   Thumb Code    20  stm32f10x_rcc.o(.text)
    RCC_ITConfig                             0x0800383b   Thumb Code    26  stm32f10x_rcc.o(.text)
    RCC_USBCLKConfig                         0x08003855   Thumb Code     8  stm32f10x_rcc.o(.text)
    RCC_ADCCLKConfig                         0x0800385d   Thumb Code    18  stm32f10x_rcc.o(.text)
    RCC_LSEConfig                            0x0800386f   Thumb Code    50  stm32f10x_rcc.o(.text)
    RCC_LSICmd                               0x080038a1   Thumb Code     6  stm32f10x_rcc.o(.text)
    RCC_RTCCLKConfig                         0x080038a7   Thumb Code    12  stm32f10x_rcc.o(.text)
    RCC_RTCCLKCmd                            0x080038b3   Thumb Code     8  stm32f10x_rcc.o(.text)
    RCC_GetClocksFreq                        0x080038bb   Thumb Code   192  stm32f10x_rcc.o(.text)
    RCC_AHBPeriphClockCmd                    0x0800397b   Thumb Code    26  stm32f10x_rcc.o(.text)
    RCC_APB2PeriphClockCmd                   0x08003995   Thumb Code    26  stm32f10x_rcc.o(.text)
    RCC_APB1PeriphClockCmd                   0x080039af   Thumb Code    26  stm32f10x_rcc.o(.text)
    RCC_APB2PeriphResetCmd                   0x080039c9   Thumb Code    26  stm32f10x_rcc.o(.text)
    RCC_APB1PeriphResetCmd                   0x080039e3   Thumb Code    26  stm32f10x_rcc.o(.text)
    RCC_BackupResetCmd                       0x080039fd   Thumb Code     8  stm32f10x_rcc.o(.text)
    RCC_ClockSecuritySystemCmd               0x08003a05   Thumb Code     6  stm32f10x_rcc.o(.text)
    RCC_MCOConfig                            0x08003a0b   Thumb Code     6  stm32f10x_rcc.o(.text)
    RCC_ClearFlag                            0x08003a11   Thumb Code    14  stm32f10x_rcc.o(.text)
    RCC_GetITStatus                          0x08003a1f   Thumb Code    20  stm32f10x_rcc.o(.text)
    RCC_ClearITPendingBit                    0x08003a33   Thumb Code     6  stm32f10x_rcc.o(.text)
    USART_DeInit                             0x08003a5d   Thumb Code   134  stm32f10x_usart.o(.text)
    USART_Init                               0x08003ae3   Thumb Code   210  stm32f10x_usart.o(.text)
    USART_StructInit                         0x08003bb5   Thumb Code    24  stm32f10x_usart.o(.text)
    USART_ClockInit                          0x08003bcd   Thumb Code    34  stm32f10x_usart.o(.text)
    USART_ClockStructInit                    0x08003bef   Thumb Code    12  stm32f10x_usart.o(.text)
    USART_Cmd                                0x08003bfb   Thumb Code    24  stm32f10x_usart.o(.text)
    USART_ITConfig                           0x08003c13   Thumb Code    74  stm32f10x_usart.o(.text)
    USART_DMACmd                             0x08003c5d   Thumb Code    18  stm32f10x_usart.o(.text)
    USART_SetAddress                         0x08003c6f   Thumb Code    18  stm32f10x_usart.o(.text)
    USART_WakeUpConfig                       0x08003c81   Thumb Code    18  stm32f10x_usart.o(.text)
    USART_ReceiverWakeUpCmd                  0x08003c93   Thumb Code    24  stm32f10x_usart.o(.text)
    USART_LINBreakDetectLengthConfig         0x08003cab   Thumb Code    18  stm32f10x_usart.o(.text)
    USART_LINCmd                             0x08003cbd   Thumb Code    24  stm32f10x_usart.o(.text)
    USART_SendData                           0x08003cd5   Thumb Code     8  stm32f10x_usart.o(.text)
    USART_ReceiveData                        0x08003cdd   Thumb Code    10  stm32f10x_usart.o(.text)
    USART_SendBreak                          0x08003ce7   Thumb Code    10  stm32f10x_usart.o(.text)
    USART_SetGuardTime                       0x08003cf1   Thumb Code    16  stm32f10x_usart.o(.text)
    USART_SetPrescaler                       0x08003d01   Thumb Code    16  stm32f10x_usart.o(.text)
    USART_SmartCardCmd                       0x08003d11   Thumb Code    24  stm32f10x_usart.o(.text)
    USART_SmartCardNACKCmd                   0x08003d29   Thumb Code    24  stm32f10x_usart.o(.text)
    USART_HalfDuplexCmd                      0x08003d41   Thumb Code    24  stm32f10x_usart.o(.text)
    USART_OverSampling8Cmd                   0x08003d59   Thumb Code    22  stm32f10x_usart.o(.text)
    USART_OneBitMethodCmd                    0x08003d6f   Thumb Code    24  stm32f10x_usart.o(.text)
    USART_IrDAConfig                         0x08003d87   Thumb Code    18  stm32f10x_usart.o(.text)
    USART_IrDACmd                            0x08003d99   Thumb Code    24  stm32f10x_usart.o(.text)
    USART_GetFlagStatus                      0x08003db1   Thumb Code    26  stm32f10x_usart.o(.text)
    USART_ClearFlag                          0x08003dcb   Thumb Code    18  stm32f10x_usart.o(.text)
    USART_GetITStatus                        0x08003ddd   Thumb Code    84  stm32f10x_usart.o(.text)
    USART_ClearITPendingBit                  0x08003e31   Thumb Code    52  stm32f10x_usart.o(.text)
    ADC_DeInit                               0x08003e65   Thumb Code    78  stm32f10x_adc.o(.text)
    ADC_Init                                 0x08003eb3   Thumb Code    70  stm32f10x_adc.o(.text)
    ADC_StructInit                           0x08003ef9   Thumb Code    18  stm32f10x_adc.o(.text)
    ADC_Cmd                                  0x08003f0b   Thumb Code    22  stm32f10x_adc.o(.text)
    ADC_DMACmd                               0x08003f21   Thumb Code    22  stm32f10x_adc.o(.text)
    ADC_ITConfig                             0x08003f37   Thumb Code    24  stm32f10x_adc.o(.text)
    ADC_ResetCalibration                     0x08003f4f   Thumb Code    10  stm32f10x_adc.o(.text)
    ADC_GetResetCalibrationStatus            0x08003f59   Thumb Code    20  stm32f10x_adc.o(.text)
    ADC_StartCalibration                     0x08003f6d   Thumb Code    10  stm32f10x_adc.o(.text)
    ADC_GetCalibrationStatus                 0x08003f77   Thumb Code    20  stm32f10x_adc.o(.text)
    ADC_SoftwareStartConvCmd                 0x08003f8b   Thumb Code    22  stm32f10x_adc.o(.text)
    ADC_GetSoftwareStartConvStatus           0x08003fa1   Thumb Code    20  stm32f10x_adc.o(.text)
    ADC_DiscModeChannelCountConfig           0x08003fb5   Thumb Code    24  stm32f10x_adc.o(.text)
    ADC_DiscModeCmd                          0x08003fcd   Thumb Code    22  stm32f10x_adc.o(.text)
    ADC_RegularChannelConfig                 0x08003fe3   Thumb Code   184  stm32f10x_adc.o(.text)
    ADC_ExternalTrigConvCmd                  0x0800409b   Thumb Code    22  stm32f10x_adc.o(.text)
    ADC_GetConversionValue                   0x080040b1   Thumb Code     8  stm32f10x_adc.o(.text)
    ADC_GetDualModeConversionValue           0x080040b9   Thumb Code     8  stm32f10x_adc.o(.text)
    ADC_AutoInjectedConvCmd                  0x080040c1   Thumb Code    22  stm32f10x_adc.o(.text)
    ADC_InjectedDiscModeCmd                  0x080040d7   Thumb Code    22  stm32f10x_adc.o(.text)
    ADC_ExternalTrigInjectedConvConfig       0x080040ed   Thumb Code    16  stm32f10x_adc.o(.text)
    ADC_ExternalTrigInjectedConvCmd          0x080040fd   Thumb Code    22  stm32f10x_adc.o(.text)
    ADC_SoftwareStartInjectedConvCmd         0x08004113   Thumb Code    22  stm32f10x_adc.o(.text)
    ADC_GetSoftwareStartInjectedConvCmdStatus 0x08004129   Thumb Code    20  stm32f10x_adc.o(.text)
    ADC_InjectedChannelConfig                0x0800413d   Thumb Code   130  stm32f10x_adc.o(.text)
    ADC_InjectedSequencerLengthConfig        0x080041bf   Thumb Code    24  stm32f10x_adc.o(.text)
    ADC_SetInjectedOffset                    0x080041d7   Thumb Code    20  stm32f10x_adc.o(.text)
    ADC_GetInjectedConversionValue           0x080041eb   Thumb Code    28  stm32f10x_adc.o(.text)
    ADC_AnalogWatchdogCmd                    0x08004207   Thumb Code    16  stm32f10x_adc.o(.text)
    ADC_AnalogWatchdogThresholdsConfig       0x08004217   Thumb Code     6  stm32f10x_adc.o(.text)
    ADC_AnalogWatchdogSingleChannelConfig    0x0800421d   Thumb Code    16  stm32f10x_adc.o(.text)
    ADC_TempSensorVrefintCmd                 0x0800422d   Thumb Code    64  stm32f10x_adc.o(.text)
    ADC_GetFlagStatus                        0x0800426d   Thumb Code    18  stm32f10x_adc.o(.text)
    ADC_ClearFlag                            0x0800427f   Thumb Code     6  stm32f10x_adc.o(.text)
    ADC_GetITStatus                          0x08004285   Thumb Code    36  stm32f10x_adc.o(.text)
    ADC_ClearITPendingBit                    0x080042a9   Thumb Code    10  stm32f10x_adc.o(.text)
    EXTI_DeInit                              0x080042b5   Thumb Code    28  stm32f10x_exti.o(.text)
    EXTI_Init                                0x080042d1   Thumb Code   142  stm32f10x_exti.o(.text)
    EXTI_StructInit                          0x0800435f   Thumb Code    16  stm32f10x_exti.o(.text)
    EXTI_GenerateSWInterrupt                 0x0800436f   Thumb Code    16  stm32f10x_exti.o(.text)
    EXTI_GetFlagStatus                       0x0800437f   Thumb Code    22  stm32f10x_exti.o(.text)
    EXTI_ClearFlag                           0x08004395   Thumb Code     8  stm32f10x_exti.o(.text)
    EXTI_GetITStatus                         0x0800439d   Thumb Code    34  stm32f10x_exti.o(.text)
    EXTI_ClearITPendingBit                   0x080043bf   Thumb Code     8  stm32f10x_exti.o(.text)
    MQTT_NewBuffer                           0x080043d1   Thumb Code    88  mqttkit.o(.text)
    MQTT_DeleteBuffer                        0x08004429   Thumb Code    28  mqttkit.o(.text)
    MQTT_DumpLength                          0x08004445   Thumb Code    46  mqttkit.o(.text)
    MQTT_ReadLength                          0x08004473   Thumb Code    70  mqttkit.o(.text)
    MQTT_UnPacketRecv                        0x080044b9   Thumb Code   106  mqttkit.o(.text)
    MQTT_PacketConnect                       0x08004523   Thumb Code   666  mqttkit.o(.text)
    MQTT_PacketDisConnect                    0x080047bd   Thumb Code    48  mqttkit.o(.text)
    MQTT_UnPacketConnectAck                  0x080047ed   Thumb Code    30  mqttkit.o(.text)
    MQTT_PacketPublish                       0x0800480b   Thumb Code   318  mqttkit.o(.text)
    MQTT_PacketSaveData                      0x08004949   Thumb Code    88  mqttkit.o(.text)
    MQTT_UnPacketCmd                         0x080049a1   Thumb Code   140  mqttkit.o(.text)
    MQTT_PacketCmdResp                       0x08004a2d   Thumb Code   132  mqttkit.o(.text)
    MQTT_PacketSubscribe                     0x08004ab1   Thumb Code   254  mqttkit.o(.text)
    MQTT_UnPacketSubscribe                   0x08004baf   Thumb Code    52  mqttkit.o(.text)
    MQTT_PacketUnSubscribe                   0x08004be3   Thumb Code   238  mqttkit.o(.text)
    MQTT_UnPacketUnSubscribe                 0x08004cd1   Thumb Code    18  mqttkit.o(.text)
    MQTT_UnPacketPublish                     0x08004ce3   Thumb Code   454  mqttkit.o(.text)
    MQTT_PacketPublishAck                    0x08004ea9   Thumb Code    72  mqttkit.o(.text)
    MQTT_UnPacketPublishAck                  0x08004ef1   Thumb Code    30  mqttkit.o(.text)
    MQTT_PacketPublishRec                    0x08004f0f   Thumb Code    72  mqttkit.o(.text)
    MQTT_UnPacketPublishRec                  0x08004f57   Thumb Code    30  mqttkit.o(.text)
    MQTT_PacketPublishRel                    0x08004f75   Thumb Code    72  mqttkit.o(.text)
    MQTT_UnPacketPublishRel                  0x08004fbd   Thumb Code    36  mqttkit.o(.text)
    MQTT_PacketPublishComp                   0x08004fe1   Thumb Code    72  mqttkit.o(.text)
    MQTT_UnPacketPublishComp                 0x08005029   Thumb Code    30  mqttkit.o(.text)
    MQTT_PacketPing                          0x08005047   Thumb Code    48  mqttkit.o(.text)
    OneNet_RevPro                            0x08005079   Thumb Code   704  onenet.o(.text)
    NB_RxData                                0x08005339   Thumb Code   128  onenet.o(.text)
    OneNet_DevLink                           0x080053b9   Thumb Code   116  onenet.o(.text)
    OneNet_FillBuf                           0x0800542d   Thumb Code  1042  onenet.o(.text)
    OneNet_SendData                          0x0800583f   Thumb Code   126  onenet.o(.text)
    onenet_mqtt_send_heart                   0x080058bd   Thumb Code    42  onenet.o(.text)
    onenet_mqtt_publish_topic                0x080058e7   Thumb Code    92  onenet.o(.text)
    onenet_mqtt_subscribe_topic              0x08005943   Thumb Code    84  onenet.o(.text)
    __use_no_semihosting                     0x08005a29   Thumb Code     2  use_no_semi_2.o(.text)
    malloc                                   0x08005a2b   Thumb Code    94  h1_alloc.o(.text)
    free                                     0x08005a89   Thumb Code    78  h1_free.o(.text)
    __c89vsprintf                            0x08005ad9   Thumb Code    32  c89vsprintf.o(.text)
    __2printf                                0x08005afd   Thumb Code    20  __2printf.o(.text)
    __2sprintf                               0x08005b15   Thumb Code    38  __2sprintf.o(.text)
    _printf_str                              0x08005b41   Thumb Code    82  _printf_str.o(.text)
    _printf_int_dec                          0x08005b95   Thumb Code   104  _printf_dec.o(.text)
    __printf                                 0x08005c0d   Thumb Code   388  __printf_flags_ss_wp.o(.text)
    atoi                                     0x08005d95   Thumb Code    26  atoi.o(.text)
    strchr                                   0x08005daf   Thumb Code    20  strchr.o(.text)
    strncat                                  0x08005dc3   Thumb Code    36  strncat.o(.text)
    strstr                                   0x08005de7   Thumb Code    36  strstr.o(.text)
    strlen                                   0x08005e0b   Thumb Code    62  strlen.o(.text)
    strcat                                   0x08005e49   Thumb Code    24  strcat.o(.text)
    __aeabi_memcpy                           0x08005e61   Thumb Code     0  rt_memcpy_v6.o(.text)
    __rt_memcpy                              0x08005e61   Thumb Code   138  rt_memcpy_v6.o(.text)
    _memcpy_lastbytes                        0x08005ec7   Thumb Code     0  rt_memcpy_v6.o(.text)
    __aeabi_memcpy4                          0x08005eeb   Thumb Code     0  rt_memcpy_w.o(.text)
    __aeabi_memcpy8                          0x08005eeb   Thumb Code     0  rt_memcpy_w.o(.text)
    __rt_memcpy_w                            0x08005eeb   Thumb Code   100  rt_memcpy_w.o(.text)
    _memcpy_lastbytes_aligned                0x08005f33   Thumb Code     0  rt_memcpy_w.o(.text)
    __aeabi_memclr                           0x08005f4f   Thumb Code     0  rt_memclr.o(.text)
    __rt_memclr                              0x08005f4f   Thumb Code    68  rt_memclr.o(.text)
    _memset                                  0x08005f53   Thumb Code     0  rt_memclr.o(.text)
    __aeabi_memclr4                          0x08005f93   Thumb Code     0  rt_memclr_w.o(.text)
    __aeabi_memclr8                          0x08005f93   Thumb Code     0  rt_memclr_w.o(.text)
    __rt_memclr_w                            0x08005f93   Thumb Code    78  rt_memclr_w.o(.text)
    _memset_w                                0x08005f97   Thumb Code     0  rt_memclr_w.o(.text)
    __use_two_region_memory                  0x08005fe1   Thumb Code     2  heapauxi.o(.text)
    __rt_heap_escrow                         0x08005fe3   Thumb Code     2  heapauxi.o(.text)
    __rt_heap_expand                         0x08005fe5   Thumb Code     2  heapauxi.o(.text)
    __I$use$semihosting                      0x08005fe7   Thumb Code     0  use_no_semi.o(.text)
    __use_no_semihosting_swi                 0x08005fe7   Thumb Code     2  use_no_semi.o(.text)
    __rt_heap_descriptor                     0x08005fe9   Thumb Code     8  rt_heap_descriptor_intlibspace.o(.text)
    __aeabi_errno_addr                       0x08005ff1   Thumb Code     8  rt_errno_addr_intlibspace.o(.text)
    __errno$intlibspace                      0x08005ff1   Thumb Code     0  rt_errno_addr_intlibspace.o(.text)
    __rt_errno_addr$intlibspace              0x08005ff1   Thumb Code     0  rt_errno_addr_intlibspace.o(.text)
    __use_no_heap                            0x08005ff9   Thumb Code     2  hguard.o(.text)
    __heap$guard                             0x08005ffb   Thumb Code     2  hguard.o(.text)
    _terminate_user_alloc                    0x08005ffd   Thumb Code     2  init_alloc.o(.text)
    _init_user_alloc                         0x08005fff   Thumb Code     2  init_alloc.o(.text)
    __Heap_Full                              0x08006001   Thumb Code    34  init_alloc.o(.text)
    __Heap_Broken                            0x08006023   Thumb Code     6  init_alloc.o(.text)
    _init_alloc                              0x08006029   Thumb Code    94  init_alloc.o(.text)
    __Heap_Initialize                        0x08006087   Thumb Code    10  h1_init.o(.text)
    __Heap_DescSize                          0x08006091   Thumb Code     4  h1_init.o(.text)
    _printf_pre_padding                      0x08006095   Thumb Code    44  _printf_pad.o(.text)
    _printf_post_padding                     0x080060c1   Thumb Code    34  _printf_pad.o(.text)
    _printf_truncate_signed                  0x080060e3   Thumb Code    18  _printf_truncate.o(.text)
    _printf_truncate_unsigned                0x080060f5   Thumb Code    18  _printf_truncate.o(.text)
    _printf_int_common                       0x08006107   Thumb Code   178  _printf_intcommon.o(.text)
    _printf_charcount                        0x080061b9   Thumb Code    40  _printf_charcount.o(.text)
    _printf_char_common                      0x080061eb   Thumb Code    32  _printf_char_common.o(.text)
    _sputc                                   0x08006211   Thumb Code    10  _sputc.o(.text)
    _printf_cs_common                        0x0800621b   Thumb Code    20  _printf_char.o(.text)
    _printf_char                             0x0800622f   Thumb Code    16  _printf_char.o(.text)
    _printf_string                           0x0800623f   Thumb Code     8  _printf_char.o(.text)
    _printf_char_file                        0x08006249   Thumb Code    32  _printf_char_file.o(.text)
    _printf_wctomb                           0x0800626d   Thumb Code   182  _printf_wctomb.o(.text)
    _printf_longlong_dec                     0x08006329   Thumb Code   108  _printf_longlong_dec.o(.text)
    _printf_longlong_oct                     0x080063a5   Thumb Code    66  _printf_oct_int_ll.o(.text)
    _printf_int_oct                          0x080063e7   Thumb Code    24  _printf_oct_int_ll.o(.text)
    _printf_ll_oct                           0x080063ff   Thumb Code    12  _printf_oct_int_ll.o(.text)
    _printf_longlong_hex                     0x08006415   Thumb Code    86  _printf_hex_int_ll_ptr.o(.text)
    _printf_int_hex                          0x0800646b   Thumb Code    28  _printf_hex_int_ll_ptr.o(.text)
    _printf_ll_hex                           0x08006487   Thumb Code    12  _printf_hex_int_ll_ptr.o(.text)
    _printf_hex_ptr                          0x08006493   Thumb Code    18  _printf_hex_int_ll_ptr.o(.text)
    strtol                                   0x080064a9   Thumb Code   112  strtol.o(.text)
    __user_libspace                          0x08006519   Thumb Code     8  libspace.o(.text)
    __user_perproc_libspace                  0x08006519   Thumb Code     0  libspace.o(.text)
    __user_perthread_libspace                0x08006519   Thumb Code     0  libspace.o(.text)
    __rt_ctype_table                         0x08006521   Thumb Code    16  rt_ctype_table.o(.text)
    __Heap_ProvideMemory                     0x08006531   Thumb Code    52  h1_extend.o(.text)
    _ll_udiv10                               0x08006565   Thumb Code   138  lludiv10.o(.text)
    __lib_sel_fp_printf                      0x080065ef   Thumb Code     2  _printf_fp_dec.o(.text)
    _printf_fp_dec_real                      0x080067a1   Thumb Code   620  _printf_fp_dec.o(.text)
    _printf_lcs_common                       0x08006a0d   Thumb Code    20  _printf_wchar.o(.text)
    _printf_wchar                            0x08006a21   Thumb Code    16  _printf_wchar.o(.text)
    _printf_wstring                          0x08006a31   Thumb Code     8  _printf_wchar.o(.text)
    _strtoul                                 0x08006a39   Thumb Code   158  _strtoul.o(.text)
    ferror                                   0x08006ad7   Thumb Code     8  ferror.o(.text)
    _wcrtomb                                 0x08006adf   Thumb Code    64  _wcrtomb.o(.text)
    __rt_SIGRTMEM                            0x08006b1f   Thumb Code    14  defsig_rtmem_outer.o(.text)
    __user_setup_stackheap                   0x08006b2d   Thumb Code    74  sys_stackheap_outer.o(.text)
    __rt_locale                              0x08006b79   Thumb Code     8  rt_locale_intlibspace.o(.text)
    _printf_fp_infnan                        0x08006b81   Thumb Code   112  _printf_fp_infnan.o(.text)
    _chval                                   0x08006c01   Thumb Code    28  _chval.o(.text)
    _btod_etento                             0x08006c1d   Thumb Code   224  bigflt0.o(.text)
    exit                                     0x08006d01   Thumb Code    18  exit.o(.text)
    __sig_exit                               0x08006d13   Thumb Code    10  defsig_exit.o(.text)
    __rt_SIGRTMEM_inner                      0x08006d1d   Thumb Code    22  defsig_rtmem_inner.o(.text)
    __default_signal_display                 0x08006d6d   Thumb Code    50  defsig_general.o(.text)
    strcmp                                   0x08006da1   Thumb Code   128  strcmpv7m.o(.text)
    _btod_d2e                                0x08006e21   Thumb Code    62  btod.o(CL$$btod_d2e)
    _d2e_denorm_low                          0x08006e5f   Thumb Code    70  btod.o(CL$$btod_d2e_denorm_low)
    _d2e_norm_op1                            0x08006ea5   Thumb Code    96  btod.o(CL$$btod_d2e_norm_op1)
    __btod_div_common                        0x08006f05   Thumb Code   696  btod.o(CL$$btod_div_common)
    _e2e                                     0x0800723d   Thumb Code   220  btod.o(CL$$btod_e2e)
    _btod_ediv                               0x08007319   Thumb Code    42  btod.o(CL$$btod_ediv)
    _btod_emul                               0x08007343   Thumb Code    42  btod.o(CL$$btod_emul)
    __btod_mult_common                       0x0800736d   Thumb Code   580  btod.o(CL$$btod_mult_common)
    __ARM_fpclassify                         0x080075b1   Thumb Code    40  fpclassify.o(i.__ARM_fpclassify)
    _is_digit                                0x080075d9   Thumb Code    14  __printf_wp.o(i._is_digit)
    _get_lc_ctype                            0x080075e9   Thumb Code    44  lc_ctype_c.o(locale$$code)
    _get_lc_numeric                          0x08007615   Thumb Code    44  lc_numeric_c.o(locale$$code)
    _printf_fp_dec                           0x08007641   Thumb Code     4  printf1.o(x$fpl$printf1)
    F6x8                                     0x08007644   Data         552  gui.o(.constdata)
    __I$use$fp                               0x08007644   Number         0  usenofp.o(x$fpl$usenofp)
    asc16                                    0x0800786c   Data        1521  gui.o(.constdata)
    sz32                                     0x08007e5d   Data        1921  gui.o(.constdata)
    hz16                                     0x080085de   Data        2380  gui.o(.constdata)
    hz24                                     0x08008f2a   Data        1406  gui.o(.constdata)
    Region$$Table$$Base                      0x080095b4   Number         0  anon$$obj.o(Region$$Table)
    Region$$Table$$Limit                     0x080095d4   Number         0  anon$$obj.o(Region$$Table)
    __ctype                                  0x080095e1   Data           0  lc_ctype_c.o(locale$$data)
    adcx                                     0x20000000   Data           2  main.o(.data)
    SystemCoreClock                          0x20000004   Data           4  system_stm32f10x.o(.data)
    AHBPrescTable                            0x20000008   Data          16  system_stm32f10x.o(.data)
    redsence_flag                            0x2000001d   Data           1  exti.o(.data)
    hc                                       0x20000020   Data           2  sim800c.o(.data)
    s1                                       0x20000024   Data           4  sim800c.o(.data)
    s2                                       0x20000028   Data           4  sim800c.o(.data)
    s3                                       0x2000002c   Data           4  sim800c.o(.data)
    __stdout                                 0x20000034   Data           4  usart.o(.data)
    gAtParseBuff                             0x20000050   Data         500  nb.o(.bss)
    nb                                       0x20000244   Data       10756  nb.o(.bss)
    __libspace_start                         0x20002c48   Data          96  libspace.o(.bss)
    __temporary_stack_top$libspace           0x20002ca8   Data           0  libspace.o(.bss)



==============================================================================

Memory Map of the image

  Image Entry point : 0x08000131

  Load Region LR_IROM1 (Base: 0x08000000, Size: 0x00009750, Max: 0x00040000, ABSOLUTE)

    Execution Region ER_IROM1 (Exec base: 0x08000000, Load base: 0x08000000, Size: 0x00009700, Max: 0x00040000, ABSOLUTE)

    Exec Addr    Load Addr    Size         Type   Attr      Idx    E Section Name        Object

    0x08000000   0x08000000   0x00000130   Data   RO          447    RESET               startup_stm32f10x_hd.o
    0x08000130   0x08000130   0x00000008   Code   RO          742  * !!!main             c_w.l(__main.o)
    0x08000138   0x08000138   0x00000034   Code   RO         1081    !!!scatter          c_w.l(__scatter.o)
    0x0800016c   0x0800016c   0x0000001a   Code   RO         1083    !!handler_copy      c_w.l(__scatter_copy.o)
    0x08000186   0x08000186   0x00000002   PAD
    0x08000188   0x08000188   0x0000001c   Code   RO         1085    !!handler_zi        c_w.l(__scatter_zi.o)
    0x080001a4   0x080001a4   0x00000000   Code   RO          719    .ARM.Collect$$_printf_percent$$00000000  c_w.l(_printf_percent.o)
    0x080001a4   0x080001a4   0x00000006   Code   RO          827    .ARM.Collect$$_printf_percent$$00000001  c_w.l(_printf_n.o)
    0x080001aa   0x080001aa   0x00000006   Code   RO          829    .ARM.Collect$$_printf_percent$$00000002  c_w.l(_printf_p.o)
    0x080001b0   0x080001b0   0x00000006   Code   RO          833    .ARM.Collect$$_printf_percent$$00000003  c_w.l(_printf_f.o)
    0x080001b6   0x080001b6   0x00000006   Code   RO          834    .ARM.Collect$$_printf_percent$$00000004  c_w.l(_printf_e.o)
    0x080001bc   0x080001bc   0x00000006   Code   RO          835    .ARM.Collect$$_printf_percent$$00000005  c_w.l(_printf_g.o)
    0x080001c2   0x080001c2   0x00000006   Code   RO          836    .ARM.Collect$$_printf_percent$$00000006  c_w.l(_printf_a.o)
    0x080001c8   0x080001c8   0x0000000a   Code   RO          841    .ARM.Collect$$_printf_percent$$00000007  c_w.l(_printf_ll.o)
    0x080001d2   0x080001d2   0x00000006   Code   RO          831    .ARM.Collect$$_printf_percent$$00000008  c_w.l(_printf_i.o)
    0x080001d8   0x080001d8   0x00000006   Code   RO          718    .ARM.Collect$$_printf_percent$$00000009  c_w.l(_printf_d.o)
    0x080001de   0x080001de   0x00000006   Code   RO          832    .ARM.Collect$$_printf_percent$$0000000A  c_w.l(_printf_u.o)
    0x080001e4   0x080001e4   0x00000006   Code   RO          830    .ARM.Collect$$_printf_percent$$0000000B  c_w.l(_printf_o.o)
    0x080001ea   0x080001ea   0x00000006   Code   RO          828    .ARM.Collect$$_printf_percent$$0000000C  c_w.l(_printf_x.o)
    0x080001f0   0x080001f0   0x00000006   Code   RO          838    .ARM.Collect$$_printf_percent$$0000000D  c_w.l(_printf_lli.o)
    0x080001f6   0x080001f6   0x00000006   Code   RO          839    .ARM.Collect$$_printf_percent$$0000000E  c_w.l(_printf_lld.o)
    0x080001fc   0x080001fc   0x00000006   Code   RO          840    .ARM.Collect$$_printf_percent$$0000000F  c_w.l(_printf_llu.o)
    0x08000202   0x08000202   0x00000006   Code   RO          845    .ARM.Collect$$_printf_percent$$00000010  c_w.l(_printf_llo.o)
    0x08000208   0x08000208   0x00000006   Code   RO          846    .ARM.Collect$$_printf_percent$$00000011  c_w.l(_printf_llx.o)
    0x0800020e   0x0800020e   0x0000000a   Code   RO          842    .ARM.Collect$$_printf_percent$$00000012  c_w.l(_printf_l.o)
    0x08000218   0x08000218   0x00000006   Code   RO          716    .ARM.Collect$$_printf_percent$$00000013  c_w.l(_printf_c.o)
    0x0800021e   0x0800021e   0x00000006   Code   RO          717    .ARM.Collect$$_printf_percent$$00000014  c_w.l(_printf_s.o)
    0x08000224   0x08000224   0x00000006   Code   RO          843    .ARM.Collect$$_printf_percent$$00000015  c_w.l(_printf_lc.o)
    0x0800022a   0x0800022a   0x00000006   Code   RO          844    .ARM.Collect$$_printf_percent$$00000016  c_w.l(_printf_ls.o)
    0x08000230   0x08000230   0x00000004   Code   RO          837    .ARM.Collect$$_printf_percent$$00000017  c_w.l(_printf_percent_end.o)
    0x08000234   0x08000234   0x00000002   Code   RO         1017    .ARM.Collect$$libinit$$00000000  c_w.l(libinit.o)
    0x08000236   0x08000236   0x00000000   Code   RO          852    .ARM.Collect$$libinit$$00000002  c_w.l(libinit2.o)
    0x08000236   0x08000236   0x00000000   Code   RO          854    .ARM.Collect$$libinit$$00000004  c_w.l(libinit2.o)
    0x08000236   0x08000236   0x00000008   Code   RO          855    .ARM.Collect$$libinit$$00000005  c_w.l(libinit2.o)
    0x0800023e   0x0800023e   0x00000000   Code   RO          857    .ARM.Collect$$libinit$$0000000A  c_w.l(libinit2.o)
    0x0800023e   0x0800023e   0x00000000   Code   RO          859    .ARM.Collect$$libinit$$0000000C  c_w.l(libinit2.o)
    0x0800023e   0x0800023e   0x00000000   Code   RO          861    .ARM.Collect$$libinit$$0000000E  c_w.l(libinit2.o)
    0x0800023e   0x0800023e   0x00000006   Code   RO          862    .ARM.Collect$$libinit$$0000000F  c_w.l(libinit2.o)
    0x08000244   0x08000244   0x00000000   Code   RO          864    .ARM.Collect$$libinit$$00000011  c_w.l(libinit2.o)
    0x08000244   0x08000244   0x0000000c   Code   RO          865    .ARM.Collect$$libinit$$00000012  c_w.l(libinit2.o)
    0x08000250   0x08000250   0x00000000   Code   RO          866    .ARM.Collect$$libinit$$00000013  c_w.l(libinit2.o)
    0x08000250   0x08000250   0x00000000   Code   RO          868    .ARM.Collect$$libinit$$00000015  c_w.l(libinit2.o)
    0x08000250   0x08000250   0x0000000a   Code   RO          869    .ARM.Collect$$libinit$$00000016  c_w.l(libinit2.o)
    0x0800025a   0x0800025a   0x00000000   Code   RO          870    .ARM.Collect$$libinit$$00000017  c_w.l(libinit2.o)
    0x0800025a   0x0800025a   0x00000000   Code   RO          872    .ARM.Collect$$libinit$$00000019  c_w.l(libinit2.o)
    0x0800025a   0x0800025a   0x00000000   Code   RO          874    .ARM.Collect$$libinit$$0000001B  c_w.l(libinit2.o)
    0x0800025a   0x0800025a   0x00000000   Code   RO          876    .ARM.Collect$$libinit$$0000001D  c_w.l(libinit2.o)
    0x0800025a   0x0800025a   0x00000000   Code   RO          878    .ARM.Collect$$libinit$$0000001F  c_w.l(libinit2.o)
    0x0800025a   0x0800025a   0x00000000   Code   RO          880    .ARM.Collect$$libinit$$00000021  c_w.l(libinit2.o)
    0x0800025a   0x0800025a   0x00000000   Code   RO          882    .ARM.Collect$$libinit$$00000023  c_w.l(libinit2.o)
    0x0800025a   0x0800025a   0x00000000   Code   RO          884    .ARM.Collect$$libinit$$00000025  c_w.l(libinit2.o)
    0x0800025a   0x0800025a   0x00000000   Code   RO          888    .ARM.Collect$$libinit$$0000002C  c_w.l(libinit2.o)
    0x0800025a   0x0800025a   0x00000000   Code   RO          890    .ARM.Collect$$libinit$$0000002E  c_w.l(libinit2.o)
    0x0800025a   0x0800025a   0x00000000   Code   RO          892    .ARM.Collect$$libinit$$00000030  c_w.l(libinit2.o)
    0x0800025a   0x0800025a   0x00000000   Code   RO          894    .ARM.Collect$$libinit$$00000032  c_w.l(libinit2.o)
    0x0800025a   0x0800025a   0x00000002   Code   RO          895    .ARM.Collect$$libinit$$00000033  c_w.l(libinit2.o)
    0x0800025c   0x0800025c   0x00000002   Code   RO         1078    .ARM.Collect$$libshutdown$$00000000  c_w.l(libshutdown.o)
    0x0800025e   0x0800025e   0x00000000   Code   RO         1036    .ARM.Collect$$libshutdown$$00000002  c_w.l(libshutdown2.o)
    0x0800025e   0x0800025e   0x00000000   Code   RO         1038    .ARM.Collect$$libshutdown$$00000004  c_w.l(libshutdown2.o)
    0x0800025e   0x0800025e   0x00000000   Code   RO         1041    .ARM.Collect$$libshutdown$$00000007  c_w.l(libshutdown2.o)
    0x0800025e   0x0800025e   0x00000000   Code   RO         1044    .ARM.Collect$$libshutdown$$0000000A  c_w.l(libshutdown2.o)
    0x0800025e   0x0800025e   0x00000000   Code   RO         1046    .ARM.Collect$$libshutdown$$0000000C  c_w.l(libshutdown2.o)
    0x0800025e   0x0800025e   0x00000000   Code   RO         1049    .ARM.Collect$$libshutdown$$0000000F  c_w.l(libshutdown2.o)
    0x0800025e   0x0800025e   0x00000002   Code   RO         1050    .ARM.Collect$$libshutdown$$00000010  c_w.l(libshutdown2.o)
    0x08000260   0x08000260   0x00000000   Code   RO          748    .ARM.Collect$$rtentry$$00000000  c_w.l(__rtentry.o)
    0x08000260   0x08000260   0x00000000   Code   RO          904    .ARM.Collect$$rtentry$$00000002  c_w.l(__rtentry2.o)
    0x08000260   0x08000260   0x00000006   Code   RO          916    .ARM.Collect$$rtentry$$00000004  c_w.l(__rtentry4.o)
    0x08000266   0x08000266   0x00000000   Code   RO          906    .ARM.Collect$$rtentry$$00000009  c_w.l(__rtentry2.o)
    0x08000266   0x08000266   0x00000004   Code   RO          907    .ARM.Collect$$rtentry$$0000000A  c_w.l(__rtentry2.o)
    0x0800026a   0x0800026a   0x00000000   Code   RO          909    .ARM.Collect$$rtentry$$0000000C  c_w.l(__rtentry2.o)
    0x0800026a   0x0800026a   0x00000008   Code   RO          910    .ARM.Collect$$rtentry$$0000000D  c_w.l(__rtentry2.o)
    0x08000272   0x08000272   0x00000002   Code   RO         1023    .ARM.Collect$$rtexit$$00000000  c_w.l(rtexit.o)
    0x08000274   0x08000274   0x00000000   Code   RO         1052    .ARM.Collect$$rtexit$$00000002  c_w.l(rtexit2.o)
    0x08000274   0x08000274   0x00000004   Code   RO         1053    .ARM.Collect$$rtexit$$00000003  c_w.l(rtexit2.o)
    0x08000278   0x08000278   0x00000006   Code   RO         1054    .ARM.Collect$$rtexit$$00000004  c_w.l(rtexit2.o)
    0x0800027e   0x0800027e   0x00000002   PAD
    0x08000280   0x08000280   0x00000000   Code   RO          922    .emb_text           c_w.l(maybetermalloc1.o)
    0x08000280   0x08000280   0x00000464   Code   RO            1    .text               main.o
    0x080006e4   0x080006e4   0x0000001a   Code   RO          160    .text               stm32f10x_it.o
    0x080006fe   0x080006fe   0x00000002   PAD
    0x08000700   0x08000700   0x000001e0   Code   RO          201    .text               system_stm32f10x.o
    0x080008e0   0x080008e0   0x000000d0   Code   RO          219    .text               led.o
    0x080009b0   0x080009b0   0x00000a7e   Code   RO          231    .text               gui.o
    0x0800142e   0x0800142e   0x00000002   PAD
    0x08001430   0x08001430   0x0000046c   Code   RO          249    .text               lcd_driver.o
    0x0800189c   0x0800189c   0x00001378   Code   RO          264    .text               nb.o
    0x08002c14   0x08002c14   0x000000e8   Code   RO          290    .text               mq2.o
    0x08002cfc   0x08002cfc   0x0000006c   Code   RO          305    .text               exti.o
    0x08002d68   0x08002d68   0x00000038   Code   RO          320    .text               sr501.o
    0x08002da0   0x08002da0   0x00000074   Code   RO          332    .text               sim800c.o
    0x08002e14   0x08002e14   0x000000d4   Code   RO          348    .text               delay.o
    0x08002ee8   0x08002ee8   0x00000128   Code   RO          379    .text               usart.o
    0x08003010   0x08003010   0x00000138   Code   RO          398    .text               usart2.o
    0x08003148   0x08003148   0x000000f8   Code   RO          413    .text               usart3.o
    0x08003240   0x08003240   0x00000040   Code   RO          448    .text               startup_stm32f10x_hd.o
    0x08003280   0x08003280   0x000000dc   Code   RO          452    .text               misc.o
    0x0800335c   0x0800335c   0x0000035c   Code   RO          476    .text               stm32f10x_gpio.o
    0x080036b8   0x080036b8   0x000003a4   Code   RO          488    .text               stm32f10x_rcc.o
    0x08003a5c   0x08003a5c   0x00000408   Code   RO          514    .text               stm32f10x_usart.o
    0x08003e64   0x08003e64   0x0000044e   Code   RO          550    .text               stm32f10x_adc.o
    0x080042b2   0x080042b2   0x00000002   PAD
    0x080042b4   0x080042b4   0x0000011c   Code   RO          562    .text               stm32f10x_exti.o
    0x080043d0   0x080043d0   0x00000ca6   Code   RO          574    .text               mqttkit.o
    0x08005076   0x08005076   0x00000002   PAD
    0x08005078   0x08005078   0x000009b0   Code   RO          598    .text               onenet.o
    0x08005a28   0x08005a28   0x00000002   Code   RO          616    .text               c_w.l(use_no_semi_2.o)
    0x08005a2a   0x08005a2a   0x0000005e   Code   RO          622    .text               c_w.l(h1_alloc.o)
    0x08005a88   0x08005a88   0x0000004e   Code   RO          624    .text               c_w.l(h1_free.o)
    0x08005ad6   0x08005ad6   0x00000002   PAD
    0x08005ad8   0x08005ad8   0x00000024   Code   RO          680    .text               c_w.l(c89vsprintf.o)
    0x08005afc   0x08005afc   0x00000018   Code   RO          682    .text               c_w.l(__2printf.o)
    0x08005b14   0x08005b14   0x0000002c   Code   RO          684    .text               c_w.l(__2sprintf.o)
    0x08005b40   0x08005b40   0x00000052   Code   RO          692    .text               c_w.l(_printf_str.o)
    0x08005b92   0x08005b92   0x00000002   PAD
    0x08005b94   0x08005b94   0x00000078   Code   RO          694    .text               c_w.l(_printf_dec.o)
    0x08005c0c   0x08005c0c   0x00000188   Code   RO          713    .text               c_w.l(__printf_flags_ss_wp.o)
    0x08005d94   0x08005d94   0x0000001a   Code   RO          720    .text               c_w.l(atoi.o)
    0x08005dae   0x08005dae   0x00000014   Code   RO          722    .text               c_w.l(strchr.o)
    0x08005dc2   0x08005dc2   0x00000024   Code   RO          724    .text               c_w.l(strncat.o)
    0x08005de6   0x08005de6   0x00000024   Code   RO          726    .text               c_w.l(strstr.o)
    0x08005e0a   0x08005e0a   0x0000003e   Code   RO          728    .text               c_w.l(strlen.o)
    0x08005e48   0x08005e48   0x00000018   Code   RO          730    .text               c_w.l(strcat.o)
    0x08005e60   0x08005e60   0x0000008a   Code   RO          732    .text               c_w.l(rt_memcpy_v6.o)
    0x08005eea   0x08005eea   0x00000064   Code   RO          734    .text               c_w.l(rt_memcpy_w.o)
    0x08005f4e   0x08005f4e   0x00000044   Code   RO          736    .text               c_w.l(rt_memclr.o)
    0x08005f92   0x08005f92   0x0000004e   Code   RO          738    .text               c_w.l(rt_memclr_w.o)
    0x08005fe0   0x08005fe0   0x00000006   Code   RO          740    .text               c_w.l(heapauxi.o)
    0x08005fe6   0x08005fe6   0x00000002   Code   RO          744    .text               c_w.l(use_no_semi.o)
    0x08005fe8   0x08005fe8   0x00000008   Code   RO          752    .text               c_w.l(rt_heap_descriptor_intlibspace.o)
    0x08005ff0   0x08005ff0   0x00000008   Code   RO          757    .text               c_w.l(rt_errno_addr_intlibspace.o)
    0x08005ff8   0x08005ff8   0x00000004   Code   RO          759    .text               c_w.l(hguard.o)
    0x08005ffc   0x08005ffc   0x0000008a   Code   RO          761    .text               c_w.l(init_alloc.o)
    0x08006086   0x08006086   0x0000000e   Code   RO          765    .text               c_w.l(h1_init.o)
    0x08006094   0x08006094   0x0000004e   Code   RO          779    .text               c_w.l(_printf_pad.o)
    0x080060e2   0x080060e2   0x00000024   Code   RO          781    .text               c_w.l(_printf_truncate.o)
    0x08006106   0x08006106   0x000000b2   Code   RO          783    .text               c_w.l(_printf_intcommon.o)
    0x080061b8   0x080061b8   0x00000028   Code   RO          785    .text               c_w.l(_printf_charcount.o)
    0x080061e0   0x080061e0   0x00000030   Code   RO          787    .text               c_w.l(_printf_char_common.o)
    0x08006210   0x08006210   0x0000000a   Code   RO          789    .text               c_w.l(_sputc.o)
    0x0800621a   0x0800621a   0x0000002c   Code   RO          791    .text               c_w.l(_printf_char.o)
    0x08006246   0x08006246   0x00000002   PAD
    0x08006248   0x08006248   0x00000024   Code   RO          793    .text               c_w.l(_printf_char_file.o)
    0x0800626c   0x0800626c   0x000000bc   Code   RO          795    .text               c_w.l(_printf_wctomb.o)
    0x08006328   0x08006328   0x0000007c   Code   RO          798    .text               c_w.l(_printf_longlong_dec.o)
    0x080063a4   0x080063a4   0x00000070   Code   RO          804    .text               c_w.l(_printf_oct_int_ll.o)
    0x08006414   0x08006414   0x00000094   Code   RO          824    .text               c_w.l(_printf_hex_int_ll_ptr.o)
    0x080064a8   0x080064a8   0x00000070   Code   RO          847    .text               c_w.l(strtol.o)
    0x08006518   0x08006518   0x00000008   Code   RO          900    .text               c_w.l(libspace.o)
    0x08006520   0x08006520   0x00000010   Code   RO          918    .text               c_w.l(rt_ctype_table.o)
    0x08006530   0x08006530   0x00000034   Code   RO          924    .text               c_w.l(h1_extend.o)
    0x08006564   0x08006564   0x0000008a   Code   RO          928    .text               c_w.l(lludiv10.o)
    0x080065ee   0x080065ee   0x0000041e   Code   RO          930    .text               c_w.l(_printf_fp_dec.o)
    0x08006a0c   0x08006a0c   0x0000002c   Code   RO          934    .text               c_w.l(_printf_wchar.o)
    0x08006a38   0x08006a38   0x0000009e   Code   RO          936    .text               c_w.l(_strtoul.o)
    0x08006ad6   0x08006ad6   0x00000008   Code   RO          938    .text               c_w.l(ferror.o)
    0x08006ade   0x08006ade   0x00000040   Code   RO          942    .text               c_w.l(_wcrtomb.o)
    0x08006b1e   0x08006b1e   0x0000000e   Code   RO          944    .text               c_w.l(defsig_rtmem_outer.o)
    0x08006b2c   0x08006b2c   0x0000004a   Code   RO          956    .text               c_w.l(sys_stackheap_outer.o)
    0x08006b76   0x08006b76   0x00000002   PAD
    0x08006b78   0x08006b78   0x00000008   Code   RO          963    .text               c_w.l(rt_locale_intlibspace.o)
    0x08006b80   0x08006b80   0x00000080   Code   RO          967    .text               c_w.l(_printf_fp_infnan.o)
    0x08006c00   0x08006c00   0x0000001c   Code   RO          969    .text               c_w.l(_chval.o)
    0x08006c1c   0x08006c1c   0x000000e4   Code   RO          971    .text               c_w.l(bigflt0.o)
    0x08006d00   0x08006d00   0x00000012   Code   RO         1002    .text               c_w.l(exit.o)
    0x08006d12   0x08006d12   0x0000000a   Code   RO         1004    .text               c_w.l(defsig_exit.o)
    0x08006d1c   0x08006d1c   0x00000050   Code   RO         1006    .text               c_w.l(defsig_rtmem_inner.o)
    0x08006d6c   0x08006d6c   0x00000032   Code   RO         1031    .text               c_w.l(defsig_general.o)
    0x08006d9e   0x08006d9e   0x00000002   PAD
    0x08006da0   0x08006da0   0x00000080   Code   RO         1033    .text               c_w.l(strcmpv7m.o)
    0x08006e20   0x08006e20   0x0000003e   Code   RO          974    CL$$btod_d2e        c_w.l(btod.o)
    0x08006e5e   0x08006e5e   0x00000046   Code   RO          976    CL$$btod_d2e_denorm_low  c_w.l(btod.o)
    0x08006ea4   0x08006ea4   0x00000060   Code   RO          975    CL$$btod_d2e_norm_op1  c_w.l(btod.o)
    0x08006f04   0x08006f04   0x00000338   Code   RO          984    CL$$btod_div_common  c_w.l(btod.o)
    0x0800723c   0x0800723c   0x000000dc   Code   RO          981    CL$$btod_e2e        c_w.l(btod.o)
    0x08007318   0x08007318   0x0000002a   Code   RO          978    CL$$btod_ediv       c_w.l(btod.o)
    0x08007342   0x08007342   0x0000002a   Code   RO          977    CL$$btod_emul       c_w.l(btod.o)
    0x0800736c   0x0800736c   0x00000244   Code   RO          983    CL$$btod_mult_common  c_w.l(btod.o)
    0x080075b0   0x080075b0   0x00000028   Code   RO         1021    i.__ARM_fpclassify  m_ws.l(fpclassify.o)
    0x080075d8   0x080075d8   0x0000000e   Code   RO          706    i._is_digit         c_w.l(__printf_wp.o)
    0x080075e6   0x080075e6   0x00000002   PAD
    0x080075e8   0x080075e8   0x0000002c   Code   RO          997    locale$$code        c_w.l(lc_ctype_c.o)
    0x08007614   0x08007614   0x0000002c   Code   RO         1000    locale$$code        c_w.l(lc_numeric_c.o)
    0x08007640   0x08007640   0x00000004   Code   RO          896    x$fpl$printf1       fz_ws.l(printf1.o)
    0x08007644   0x08007644   0x00000000   Code   RO         1020    x$fpl$usenofp       fz_ws.l(usenofp.o)
    0x08007644   0x08007644   0x00001e64   Data   RO          232    .constdata          gui.o
    0x080094a8   0x080094a8   0x00000011   Data   RO          714    .constdata          c_w.l(__printf_flags_ss_wp.o)
    0x080094b9   0x080094b9   0x00000003   PAD
    0x080094bc   0x080094bc   0x00000008   Data   RO          796    .constdata          c_w.l(_printf_wctomb.o)
    0x080094c4   0x080094c4   0x00000028   Data   RO          825    .constdata          c_w.l(_printf_hex_int_ll_ptr.o)
    0x080094ec   0x080094ec   0x00000094   Data   RO          972    .constdata          c_w.l(bigflt0.o)
    0x08009580   0x08009580   0x00000032   Data   RO          333    .conststring        sim800c.o
    0x080095b2   0x080095b2   0x00000002   PAD
    0x080095b4   0x080095b4   0x00000020   Data   RO         1079    Region$$Table       anon$$obj.o
    0x080095d4   0x080095d4   0x00000110   Data   RO          996    locale$$data        c_w.l(lc_ctype_c.o)
    0x080096e4   0x080096e4   0x0000001c   Data   RO          999    locale$$data        c_w.l(lc_numeric_c.o)


    Execution Region RW_IRAM1 (Exec base: 0x20000000, Load base: 0x08009700, Size: 0x000032a8, Max: 0x0000c000, ABSOLUTE)

    Exec Addr    Load Addr    Size         Type   Attr      Idx    E Section Name        Object

    0x20000000   0x08009700   0x00000002   Data   RW            2    .data               main.o
    0x20000002   0x08009702   0x00000002   PAD
    0x20000004   0x08009704   0x00000014   Data   RW          202    .data               system_stm32f10x.o
    0x20000018   0x08009718   0x00000005   Data   RW          266    .data               nb.o
    0x2000001d   0x0800971d   0x00000001   Data   RW          306    .data               exti.o
    0x2000001e   0x0800971e   0x00000002   PAD
    0x20000020   0x08009720   0x00000010   Data   RW          334    .data               sim800c.o
    0x20000030   0x08009730   0x00000004   Data   RW          349    .data               delay.o
    0x20000034   0x08009734   0x00000004   Data   RW          380    .data               usart.o
    0x20000038   0x08009738   0x00000014   Data   RW          489    .data               stm32f10x_rcc.o
    0x2000004c   0x0800974c   0x00000002   Data   RW          599    .data               onenet.o
    0x2000004e   0x0800974e   0x00000002   PAD
    0x20000050        -       0x00002bf8   Zero   RW          265    .bss                nb.o
    0x20002c48        -       0x00000060   Zero   RW          901    .bss                c_w.l(libspace.o)
    0x20002ca8        -       0x00000200   Zero   RW          446    HEAP                startup_stm32f10x_hd.o
    0x20002ea8        -       0x00000400   Zero   RW          445    STACK               startup_stm32f10x_hd.o


==============================================================================

Image component sizes


      Code (inc. data)   RO Data    RW Data    ZI Data      Debug   Object Name

       212         18          0          4          0       1003   delay.o
       108          6          0          1          0        894   exti.o
      2686         20       7780          0          0       8304   gui.o
      1132          8          0          0          0       4170   lcd_driver.o
       208         26          0          0          0        940   led.o
      1124        298          0          2          0     246849   main.o
       220         22          0          0          0       1769   misc.o
       232          8          0          0          0       1087   mq2.o
      3238         26          0          0          0      14152   mqttkit.o
      4984        870          0          5      11256      18678   nb.o
      2480       1094          0          2          0       4513   onenet.o
       116         18         50         16          0       1177   sim800c.o
        56         10          0          0          0        483   sr501.o
        64         26        304          0       1536        788   startup_stm32f10x_hd.o
      1102         26          0          0          0      11013   stm32f10x_adc.o
       284         10          0          0          0       2227   stm32f10x_exti.o
       860         38          0          0          0       5705   stm32f10x_gpio.o
        26          0          0          0          0       1166   stm32f10x_it.o
       932         36          0         20          0       8872   stm32f10x_rcc.o
      1032         22          0          0          0       8428   stm32f10x_usart.o
         0          0          0          0          0         32   sys.o
       480         38          0         20          0       1695   system_stm32f10x.o
       296         10          0          4          0       3749   usart.o
       312         18          0          0          0       1979   usart2.o
       248          8          0          0          0       1625   usart3.o

    ----------------------------------------------------------------------
     22440       2656       8168         80      12792     351298   Object Totals
         0          0         32          0          0          0   (incl. Generated)
         8          0          2          6          0          0   (incl. Padding)

    ----------------------------------------------------------------------

      Code (inc. data)   RO Data    RW Data    ZI Data      Debug   Library Member Name

        24          4          0          0          0         84   __2printf.o
        44          6          0          0          0         84   __2sprintf.o
         8          0          0          0          0         68   __main.o
       392          4         17          0          0         92   __printf_flags_ss_wp.o
        14          0          0          0          0         68   __printf_wp.o
         0          0          0          0          0          0   __rtentry.o
        12          0          0          0          0          0   __rtentry2.o
         6          0          0          0          0          0   __rtentry4.o
        52          8          0          0          0          0   __scatter.o
        26          0          0          0          0          0   __scatter_copy.o
        28          0          0          0          0          0   __scatter_zi.o
        28          0          0          0          0         68   _chval.o
         6          0          0          0          0          0   _printf_a.o
         6          0          0          0          0          0   _printf_c.o
        44          0          0          0          0        108   _printf_char.o
        48          6          0          0          0         96   _printf_char_common.o
        36          4          0          0          0         80   _printf_char_file.o
        40          0          0          0          0         68   _printf_charcount.o
         6          0          0          0          0          0   _printf_d.o
       120         16          0          0          0         92   _printf_dec.o
         6          0          0          0          0          0   _printf_e.o
         6          0          0          0          0          0   _printf_f.o
      1054          0          0          0          0        216   _printf_fp_dec.o
       128         16          0          0          0         84   _printf_fp_infnan.o
         6          0          0          0          0          0   _printf_g.o
       148          4         40          0          0        160   _printf_hex_int_ll_ptr.o
         6          0          0          0          0          0   _printf_i.o
       178          0          0          0          0         88   _printf_intcommon.o
        10          0          0          0          0          0   _printf_l.o
         6          0          0          0          0          0   _printf_lc.o
        10          0          0          0          0          0   _printf_ll.o
         6          0          0          0          0          0   _printf_lld.o
         6          0          0          0          0          0   _printf_lli.o
         6          0          0          0          0          0   _printf_llo.o
         6          0          0          0          0          0   _printf_llu.o
         6          0          0          0          0          0   _printf_llx.o
       124         16          0          0          0         92   _printf_longlong_dec.o
         6          0          0          0          0          0   _printf_ls.o
         6          0          0          0          0          0   _printf_n.o
         6          0          0          0          0          0   _printf_o.o
       112         10          0          0          0        124   _printf_oct_int_ll.o
         6          0          0          0          0          0   _printf_p.o
        78          0          0          0          0        108   _printf_pad.o
         0          0          0          0          0          0   _printf_percent.o
         4          0          0          0          0          0   _printf_percent_end.o
         6          0          0          0          0          0   _printf_s.o
        82          0          0          0          0         80   _printf_str.o
        36          0          0          0          0         84   _printf_truncate.o
         6          0          0          0          0          0   _printf_u.o
        44          0          0          0          0        108   _printf_wchar.o
       188          6          8          0          0         92   _printf_wctomb.o
         6          0          0          0          0          0   _printf_x.o
        10          0          0          0          0         68   _sputc.o
       158          0          0          0          0         92   _strtoul.o
        64          0          0          0          0         92   _wcrtomb.o
        26          0          0          0          0         80   atoi.o
       228          4        148          0          0         96   bigflt0.o
      1936        128          0          0          0        672   btod.o
        36          4          0          0          0         76   c89vsprintf.o
        10          0          0          0          0         68   defsig_exit.o
        50          0          0          0          0         88   defsig_general.o
        80         58          0          0          0         76   defsig_rtmem_inner.o
        14          0          0          0          0         80   defsig_rtmem_outer.o
        18          0          0          0          0         80   exit.o
         8          0          0          0          0         68   ferror.o
        94          0          0          0          0         80   h1_alloc.o
        52          0          0          0          0         68   h1_extend.o
        78          0          0          0          0         80   h1_free.o
        14          0          0          0          0         84   h1_init.o
         6          0          0          0          0        152   heapauxi.o
         4          0          0          0          0        136   hguard.o
       138          0          0          0          0        168   init_alloc.o
        44         10        272          0          0         76   lc_ctype_c.o
        44         10         28          0          0         76   lc_numeric_c.o
         2          0          0          0          0          0   libinit.o
        38          0          0          0          0          0   libinit2.o
         2          0          0          0          0          0   libshutdown.o
         2          0          0          0          0          0   libshutdown2.o
         8          4          0          0         96         68   libspace.o
       138          0          0          0          0         80   lludiv10.o
         0          0          0          0          0          0   maybetermalloc1.o
        16          4          0          0          0         76   rt_ctype_table.o
         8          4          0          0          0         68   rt_errno_addr_intlibspace.o
         8          4          0          0          0         68   rt_heap_descriptor_intlibspace.o
         8          4          0          0          0         68   rt_locale_intlibspace.o
        68          0          0          0          0         68   rt_memclr.o
        78          0          0          0          0         80   rt_memclr_w.o
       138          0          0          0          0         68   rt_memcpy_v6.o
       100          0          0          0          0         80   rt_memcpy_w.o
         2          0          0          0          0          0   rtexit.o
        10          0          0          0          0          0   rtexit2.o
        24          0          0          0          0         68   strcat.o
        20          0          0          0          0         68   strchr.o
       128          0          0          0          0         68   strcmpv7m.o
        62          0          0          0          0         76   strlen.o
        36          0          0          0          0         76   strncat.o
        36          0          0          0          0         80   strstr.o
       112          0          0          0          0         88   strtol.o
        74          0          0          0          0         80   sys_stackheap_outer.o
         2          0          0          0          0         68   use_no_semi.o
         2          0          0          0          0         68   use_no_semi_2.o
         4          0          0          0          0         68   printf1.o
         0          0          0          0          0          0   usenofp.o
        40          0          0          0          0         68   fpclassify.o

    ----------------------------------------------------------------------
      7532        334        516          0         96       6300   Library Totals
        16          0          3          0          0          0   (incl. Padding)

    ----------------------------------------------------------------------

      Code (inc. data)   RO Data    RW Data    ZI Data      Debug   Library Name

      7472        334        513          0         96       6164   c_w.l
         4          0          0          0          0         68   fz_ws.l
        40          0          0          0          0         68   m_ws.l

    ----------------------------------------------------------------------
      7532        334        516          0         96       6300   Library Totals

    ----------------------------------------------------------------------

==============================================================================


      Code (inc. data)   RO Data    RW Data    ZI Data      Debug   

     29972       2990       8684         80      12888     351874   Grand Totals
     29972       2990       8684         80      12888     351874   ELF Image Totals
     29972       2990       8684         80          0          0   ROM Totals

==============================================================================

    Total RO  Size (Code + RO Data)                38656 (  37.75kB)
    Total RW  Size (RW Data + ZI Data)             12968 (  12.66kB)
    Total ROM Size (Code + RO Data + RW Data)      38736 (  37.83kB)

==============================================================================

